Archive member included because of file (symbol)

C:\Users\PhD#Chen\AppData\Local\Temp\arduino\cores\24392cb5db6b0047c94a91c475d442f3\core.a(HardwareSerial.cpp.o)
                              C:\Users\PhD#Chen\AppData\Local\Temp\arduino\sketches\720644089120699F6F08FA1D7447A896\sketch\STM32F103C8_Arduino.ino.cpp.o (HardwareSerial::read())
C:\Users\PhD#Chen\AppData\Local\Temp\arduino\cores\24392cb5db6b0047c94a91c475d442f3\core.a(Print.cpp.o)
                              C:\Users\PhD#Chen\AppData\Local\Temp\arduino\cores\24392cb5db6b0047c94a91c475d442f3\core.a(HardwareSerial.cpp.o) (Print::write(void const*, unsigned long))
C:\Users\PhD#Chen\AppData\Local\Temp\arduino\cores\24392cb5db6b0047c94a91c475d442f3\core.a(Stream.cpp.o)
                              C:\Users\PhD#Chen\AppData\Local\Temp\arduino\sketches\720644089120699F6F08FA1D7447A896\sketch\STM32F103C8_Arduino.ino.cpp.o (Stream::readString())
C:\Users\PhD#Chen\AppData\Local\Temp\arduino\cores\24392cb5db6b0047c94a91c475d442f3\core.a(WString.cpp.o)
                              C:\Users\PhD#Chen\AppData\Local\Temp\arduino\sketches\720644089120699F6F08FA1D7447A896\sketch\STM32F103C8_Arduino.ino.cpp.o (String::~String())
C:\Users\PhD#Chen\AppData\Local\Temp\arduino\cores\24392cb5db6b0047c94a91c475d442f3\core.a(dtostrf.c.o)
                              C:\Users\PhD#Chen\AppData\Local\Temp\arduino\sketches\720644089120699F6F08FA1D7447A896\sketch\STM32F103C8_Arduino.ino.cpp.o (dtostrf)
C:\Users\PhD#Chen\AppData\Local\Temp\arduino\cores\24392cb5db6b0047c94a91c475d442f3\core.a(cxxabi-compat.cpp.o)
                              C:\Users\PhD#Chen\AppData\Local\Temp\arduino\sketches\720644089120699F6F08FA1D7447A896\libraries\Wire\utility\WireBase.cpp.o (__cxa_pure_virtual)
C:\Users\PhD#Chen\AppData\Local\Temp\arduino\cores\24392cb5db6b0047c94a91c475d442f3\core.a(itoa.c.o)
                              C:\Users\PhD#Chen\AppData\Local\Temp\arduino\cores\24392cb5db6b0047c94a91c475d442f3\core.a(WString.cpp.o) (ltoa)
C:\Users\PhD#Chen\AppData\Local\Temp\arduino\cores\24392cb5db6b0047c94a91c475d442f3\core.a(adc.c.o)
                              C:\Users\PhD#Chen\AppData\Local\Temp\arduino\sketches\720644089120699F6F08FA1D7447A896\core\wirish\boards.cpp.o (adc_set_sample_rate)
C:\Users\PhD#Chen\AppData\Local\Temp\arduino\cores\24392cb5db6b0047c94a91c475d442f3\core.a(adc_f1.c.o)
                              (__irq_adc)
C:\Users\PhD#Chen\AppData\Local\Temp\arduino\cores\24392cb5db6b0047c94a91c475d442f3\core.a(dma.c.o)
                              C:\Users\PhD#Chen\AppData\Local\Temp\arduino\sketches\720644089120699F6F08FA1D7447A896\libraries\SPI\SPI.cpp.o (dma_init)
C:\Users\PhD#Chen\AppData\Local\Temp\arduino\cores\24392cb5db6b0047c94a91c475d442f3\core.a(dma_f1.c.o)
                              C:\Users\PhD#Chen\AppData\Local\Temp\arduino\sketches\720644089120699F6F08FA1D7447A896\libraries\SPI\SPI.cpp.o (dma_set_priority)
C:\Users\PhD#Chen\AppData\Local\Temp\arduino\cores\24392cb5db6b0047c94a91c475d442f3\core.a(exc.S.o)
                              (__exc_nmi)
C:\Users\PhD#Chen\AppData\Local\Temp\arduino\cores\24392cb5db6b0047c94a91c475d442f3\core.a(exti.c.o)
                              (__irq_exti0)
C:\Users\PhD#Chen\AppData\Local\Temp\arduino\cores\24392cb5db6b0047c94a91c475d442f3\core.a(exti_f1.c.o)
                              C:\Users\PhD#Chen\AppData\Local\Temp\arduino\cores\24392cb5db6b0047c94a91c475d442f3\core.a(exti.c.o) (exti_select)
C:\Users\PhD#Chen\AppData\Local\Temp\arduino\cores\24392cb5db6b0047c94a91c475d442f3\core.a(flash.c.o)
                              C:\Users\PhD#Chen\AppData\Local\Temp\arduino\sketches\720644089120699F6F08FA1D7447A896\core\wirish\boards.cpp.o (flash_set_latency)
C:\Users\PhD#Chen\AppData\Local\Temp\arduino\cores\24392cb5db6b0047c94a91c475d442f3\core.a(gpio_f1.c.o)
                              C:\Users\PhD#Chen\AppData\Local\Temp\arduino\sketches\720644089120699F6F08FA1D7447A896\core\wirish\boards_setup.cpp.o (gpio_init_all)
C:\Users\PhD#Chen\AppData\Local\Temp\arduino\cores\24392cb5db6b0047c94a91c475d442f3\core.a(i2c.c.o)
                              C:\Users\PhD#Chen\AppData\Local\Temp\arduino\sketches\720644089120699F6F08FA1D7447A896\libraries\Wire\Wire.cpp.o (i2c_master_xfer)
C:\Users\PhD#Chen\AppData\Local\Temp\arduino\cores\24392cb5db6b0047c94a91c475d442f3\core.a(i2c_f1.c.o)
                              C:\Users\PhD#Chen\AppData\Local\Temp\arduino\cores\24392cb5db6b0047c94a91c475d442f3\core.a(i2c.c.o) (i2c_config_gpios)
C:\Users\PhD#Chen\AppData\Local\Temp\arduino\cores\24392cb5db6b0047c94a91c475d442f3\core.a(nvic.c.o)
                              C:\Users\PhD#Chen\AppData\Local\Temp\arduino\cores\24392cb5db6b0047c94a91c475d442f3\core.a(i2c_f1.c.o) (nvic_irq_set_priority)
C:\Users\PhD#Chen\AppData\Local\Temp\arduino\cores\24392cb5db6b0047c94a91c475d442f3\core.a(rcc.c.o)
[...]
Memory Configuration

Name             Origin             Length             Attributes
ram              0x20000000         0x00002800         xrw
rom              0x08000000         0x00008000         xr
*default*        0x00000000         0xffffffff

Linker script and memory map

LOAD c:/users/phd#chen/appdata/local/arduino15/packages/arduino/tools/arm-none-eabi-gcc/4.8.3-2014q1/bin/../lib/gcc/arm-none-eabi/4.8.3/armv7-m/crti.o
LOAD c:/users/phd#chen/appdata/local/arduino15/packages/arduino/tools/arm-none-eabi-gcc/4.8.3-2014q1/bin/../lib/gcc/arm-none-eabi/4.8.3/armv7-m/crtbegin.o
LOAD c:/users/phd#chen/appdata/local/arduino15/packages/arduino/tools/arm-none-eabi-gcc/4.8.3-2014q1/bin/../lib/gcc/arm-none-eabi/4.8.3/../../../../arm-none-eabi/lib/armv7-m/crt0.o
LOAD c:/users/phd#chen/appdata/local/arduino15/packages/arduino/tools/arm-none-eabi-gcc/4.8.3-2014q1/bin/../lib/gcc/arm-none-eabi/4.8.3/armv7-m\libgcc.a
START GROUP
LOAD C:\Users\PhD#Chen\AppData\Local\Temp\arduino\sketches\720644089120699F6F08FA1D7447A896\sketch\STM32F103C8_Arduino.ino.cpp.o
LOAD C:\Users\PhD#Chen\AppData\Local\Temp\arduino\sketches\720644089120699F6F08FA1D7447A896\libraries\DHT11\DHT11.cpp.o
LOAD C:\Users\PhD#Chen\AppData\Local\Temp\arduino\sketches\720644089120699F6F08FA1D7447A896\libraries\Wire\SoftWire.cpp.o
LOAD C:\Users\PhD#Chen\AppData\Local\Temp\arduino\sketches\720644089120699F6F08FA1D7447A896\libraries\Wire\Wire.cpp.o
LOAD C:\Users\PhD#Chen\AppData\Local\Temp\arduino\sketches\720644089120699F6F08FA1D7447A896\libraries\Wire\utility\WireBase.cpp.o
LOAD C:\Users\PhD#Chen\AppData\Local\Temp\arduino\sketches\720644089120699F6F08FA1D7447A896\libraries\SPI\SPI.cpp.o
LOAD C:\Users\PhD#Chen\AppData\Local\Temp\arduino\sketches\720644089120699F6F08FA1D7447A896\core\board.cpp.o
LOAD C:\Users\PhD#Chen\AppData\Local\Temp\arduino\sketches\720644089120699F6F08FA1D7447A896\core\wirish\boards.cpp.o
LOAD C:\Users\PhD#Chen\AppData\Local\Temp\arduino\sketches\720644089120699F6F08FA1D7447A896\core\wirish\boards_setup.cpp.o
LOAD C:\Users\PhD#Chen\AppData\Local\Temp\arduino\sketches\720644089120699F6F08FA1D7447A896\core\wirish\start.S.o
LOAD C:\Users\PhD#Chen\AppData\Local\Temp\arduino\sketches\720644089120699F6F08FA1D7447A896\core\wirish\start_c.c.o
LOAD C:\Users\PhD#Chen\AppData\Local\Temp\arduino\sketches\720644089120699F6F08FA1D7447A896\core\wirish\syscalls.c.o
LOAD C:\Users\PhD#Chen\AppData\Local\Temp\arduino\cores\24392cb5db6b0047c94a91c475d442f3\core.a
END GROUP
LOAD c:/users/phd#chen/appdata/local/arduino15/packages/arduino/tools/arm-none-eabi-gcc/4.8.3-2014q1/bin/../lib/gcc/arm-none-eabi/4.8.3/../../../../arm-none-eabi/lib/armv7-m\libstdc++_s.a
LOAD c:/users/phd#chen/appdata/local/arduino15/packages/arduino/tools/arm-none-eabi-gcc/4.8.3-2014q1/bin/../lib/gcc/arm-none-eabi/4.8.3/../../../../arm-none-eabi/lib/armv7-m\libm.a
START GROUP
LOAD c:/users/phd#chen/appdata/local/arduino15/packages/arduino/tools/arm-none-eabi-gcc/4.8.3-2014q1/bin/../lib/gcc/arm-none-eabi/4.8.3/armv7-m\libgcc.a
LOAD c:/users/phd#chen/appdata/local/arduino15/packages/arduino/tools/arm-none-eabi-gcc/4.8.3-2014q1/bin/../lib/gcc/arm-none-eabi/4.8.3/../../../../arm-none-eabi/lib/armv7-m\libc_s.a
END GROUP
START GROUP
LOAD c:/users/phd#chen/appdata/local/arduino15/packages/arduino/tools/arm-none-eabi-gcc/4.8.3-2014q1/bin/../lib/gcc/arm-none-eabi/4.8.3/armv7-m\libgcc.a
LOAD c:/users/phd#chen/appdata/local/arduino15/packages/arduino/tools/arm-none-eabi-gcc/4.8.3-2014q1/bin/../lib/gcc/arm-none-eabi/4.8.3/../../../../arm-none-eabi/lib/armv7-m\libc_s.a
END GROUP
LOAD c:/users/phd#chen/appdata/local/arduino15/packages/arduino/tools/arm-none-eabi-gcc/4.8.3-2014q1/bin/../lib/gcc/arm-none-eabi/4.8.3/armv7-m/crtend.o
LOAD c:/users/phd#chen/appdata/local/arduino15/packages/arduino/tools/arm-none-eabi-gcc/4.8.3-2014q1/bin/../lib/gcc/arm-none-eabi/4.8.3/armv7-m/crtn.o
START GROUP
LOAD c:/users/phd#chen/appdata/local/arduino15/packages/arduino/tools/arm-none-eabi-gcc/4.8.3-2014q1/bin/../lib/gcc/arm-none-eabi/4.8.3/armv7-m\libgcc.a
LOAD c:/users/phd#chen/appdata/local/arduino15/packages/arduino/tools/arm-none-eabi-gcc/4.8.3-2014q1/bin/../lib/gcc/arm-none-eabi/4.8.3/../../../../arm-none-eabi/lib/armv7-m\libc.a
LOAD c:/users/phd#chen/appdata/local/arduino15/packages/arduino/tools/arm-none-eabi-gcc/4.8.3-2014q1/bin/../lib/gcc/arm-none-eabi/4.8.3/../../../../arm-none-eabi/lib/armv7-m\libm.a
END GROUP
START GROUP
LOAD c:/users/phd#chen/appdata/local/arduino15/packages/arduino/tools/arm-none-eabi-gcc/4.8.3-2014q1/bin/../lib/gcc/arm-none-eabi/4.8.3/../../../../arm-none-eabi/lib/armv7-m\libnosys.a
END GROUP
                0x20002800                PROVIDE (__msp_init, (ORIGIN (ram) + 0x2800))
                0x08001098                PROVIDE (__exc_reset, __start__)

.text           0x08000000     0x5eb8
                0x08000000                __text_start__ = .
 *(.stm32.interrupt_vector)
 .stm32.interrupt_vector
                0x08000000       0xec C:\Users\PhD#Chen\AppData\Local\Temp\arduino\cores\24392cb5db6b0047c94a91c475d442f3\core.a(vector_table.S.o)
                0x08000000                __stm32_vector_table
 *(.text .text.* .gnu.linkonce.t.*)
 .text          0x080000ec       0x54 c:/users/phd#chen/appdata/local/arduino15/packages/arduino/tools/arm-none-eabi-gcc/4.8.3-2014q1/bin/../lib/gcc/arm-none-eabi/4.8.3/armv7-m/crtbegin.o
 .text._Z5DHT11v
                0x08000140       0xb0 C:\Users\PhD#Chen\AppData\Local\Temp\arduino\sketches\720644089120699F6F08FA1D7447A896\sketch\STM32F103C8_Arduino.ino.cpp.o
                0x08000140                DHT11()
 .text.startup._GLOBAL__sub_I_Params
                0x080001f0        0xc C:\Users\PhD#Chen\AppData\Local\Temp\arduino\sketches\720644089120699F6F08FA1D7447A896\sketch\STM32F103C8_Arduino.ino.cpp.o
 .text._Z13MQTT_PUB_DATAv
                0x080001fc      0x150 C:\Users\PhD#Chen\AppData\Local\Temp\arduino\sketches\720644089120699F6F08FA1D7447A896\sketch\STM32F103C8_Arduino.ino.cpp.o
                0x080001fc                MQTT_PUB_DATA()
 .text._Z10WiFi_Reseti
                0x0800034c       0x8c C:\Users\PhD#Chen\AppData\Local\Temp\arduino\sketches\720644089120699F6F08FA1D7447A896\sketch\STM32F103C8_Arduino.ino.cpp.o
                0x0800034c                WiFi_Reset(int)
 .text._Z12WiFi_SendCmdPci
                0x080003d8       0x78 C:\Users\PhD#Chen\AppData\Local\Temp\arduino\sketches\720644089120699F6F08FA1D7447A896\sketch\STM32F103C8_Arduino.ino.cpp.o
                0x080003d8                WiFi_SendCmd(char*, int)
 .text._Z11WiFi_JoinAPi
                0x08000450       0xb0 C:\Users\PhD#Chen\AppData\Local\Temp\arduino\sketches\720644089120699F6F08FA1D7447A896\sketch\STM32F103C8_Arduino.ino.cpp.o
                0x08000450                WiFi_JoinAP(int)
 .text._Z16MQTT_Connect_NETi
                0x08000500      0x1f0 C:\Users\PhD#Chen\AppData\Local\Temp\arduino\sketches\720644089120699F6F08FA1D7447A896\sketch\STM32F103C8_Arduino.ino.cpp.o
                0x08000500                MQTT_Connect_NET(int)
 .text._Z21MCU_Connect_IoTServerv
                0x080006f0      0x134 C:\Users\PhD#Chen\AppData\Local\Temp\arduino\sketches\720644089120699F6F08FA1D7447A896\sketch\STM32F103C8_Arduino.ino.cpp.o
                0x080006f0                MCU_Connect_IoTServer()
 .text._Z14MQTT_SUB_TOPICiPc
                0x08000824       0xf0 C:\Users\PhD#Chen\AppData\Local\Temp\arduino\sketches\720644089120699F6F08FA1D7447A896\sketch\STM32F103C8_Arduino.ino.cpp.o
                0x08000824                MQTT_SUB_TOPIC(int, char*)
 .text._Z5setupv
                0x08000914       0x84 C:\Users\PhD#Chen\AppData\Local\Temp\arduino\sketches\720644089120699F6F08FA1D7447A896\sketch\STM32F103C8_Arduino.ino.cpp.o
                0x08000914                setup()
 .text._Z13MQTT_Callbackv
                0x08000998      0x12c C:\Users\PhD#Chen\AppData\Local\Temp\arduino\sketches\720644089120699F6F08FA1D7447A896\sketch\STM32F103C8_Arduino.ino.cpp.o
                0x08000998                MQTT_Callback()
 .text._Z4loopv
                0x08000ac4       0x1a C:\Users\PhD#Chen\AppData\Local\Temp\arduino\sketches\720644089120699F6F08FA1D7447A896\sketch\STM32F103C8_Arduino.ino.cpp.o
                0x08000ac4                loop()
 .text._ZN5DHT11C2Ei
                0x08000ade       0x1a C:\Users\PhD#Chen\AppData\Local\Temp\arduino\sketches\720644089120699F6F08FA1D7447A896\libraries\DHT11\DHT11.cpp.o
                0x08000ade                DHT11::DHT11(int)
                0x08000ade                DHT11::DHT11(int)
 .text._ZN5DHT118readByteEv
                0x08000af8       0x3c C:\Users\PhD#Chen\AppData\Local\Temp\arduino\sketches\720644089120699F6F08FA1D7447A896\libraries\DHT11\DHT11.cpp.o
                0x08000af8                DHT11::readByte()
 .text._ZN5DHT1111startSignalEv
                0x08000b34       0x34 C:\Users\PhD#Chen\AppData\Local\Temp\arduino\sketches\720644089120699F6F08FA1D7447A896\libraries\DHT11\DHT11.cpp.o
                0x08000b34                DHT11::startSignal()
 .text._ZN5DHT1115readTemperatureEv
                0x08000b68       0x78 C:\Users\PhD#Chen\AppData\Local\Temp\arduino\sketches\720644089120699F6F08FA1D7447A896\libraries\DHT11\DHT11.cpp.o
                0x08000b68                DHT11::readTemperature()
 .text._ZN5DHT1112readHumidityEv
                0x08000be0       0x78 C:\Users\PhD#Chen\AppData\Local\Temp\arduino\sketches\720644089120699F6F08FA1D7447A896\libraries\DHT11\DHT11.cpp.o
                0x08000be0                DHT11::readHumidity()
 .text._ZN7TwoWire7processEv
                0x08000c58        0xc C:\Users\PhD#Chen\AppData\Local\Temp\arduino\sketches\720644089120699F6F08FA1D7447A896\libraries\Wire\Wire.cpp.o
                0x08000c58                TwoWire::process()
 .text._ZN7TwoWire5beginEh
                0x08000c64        0xe C:\Users\PhD#Chen\AppData\Local\Temp\arduino\sketches\720644089120699F6F08FA1D7447A896\libraries\Wire\Wire.cpp.o
                0x08000c64                TwoWire::begin(unsigned char)
 .text.i2c_disable
                0x08000c72       0x1a C:\Users\PhD#Chen\AppData\Local\Temp\arduino\sketches\720644089120699F6F08FA1D7447A896\libraries\Wire\Wire.cpp.o
 .text._ZN7TwoWire3endEv
                0x08000c8c       0x10 C:\Users\PhD#Chen\AppData\Local\Temp\arduino\sketches\720644089120699F6F08FA1D7447A896\libraries\Wire\Wire.cpp.o
                0x08000c8c                TwoWire::end()
 .text._ZN7TwoWire7processEh
                0x08000c9c       0x4a C:\Users\PhD#Chen\AppData\Local\Temp\arduino\sketches\720644089120699F6F08FA1D7447A896\libraries\Wire\Wire.cpp.o
                0x08000c9c                TwoWire::process(unsigned char)
 *fill*         0x08000ce6        0x2 
 .text._ZN7TwoWireD2Ev
                0x08000ce8       0x24 C:\Users\PhD#Chen\AppData\Local\Temp\arduino\sketches\720644089120699F6F08FA1D7447A896\libraries\Wire\Wire.cpp.o
                0x08000ce8                TwoWire::~TwoWire()
                0x08000ce8                TwoWire::~TwoWire()
 .text.startup._GLOBAL__sub_I__ZN7TwoWire7processEh
                0x08000d0c       0x28 C:\Users\PhD#Chen\AppData\Local\Temp\arduino\sketches\720644089120699F6F08FA1D7447A896\libraries\Wire\Wire.cpp.o
 .text.exit._GLOBAL__sub_D__ZN7TwoWire7processEh
                0x08000d34        0xc C:\Users\PhD#Chen\AppData\Local\Temp\arduino\sketches\720644089120699F6F08FA1D7447A896\libraries\Wire\Wire.cpp.o
 .text._ZN8WireBase3endEv
                0x08000d40        0x2 C:\Users\PhD#Chen\AppData\Local\Temp\arduino\sketches\720644089120699F6F08FA1D7447A896\libraries\Wire\utility\WireBase.cpp.o
                0x08000d40                WireBase::end()
 .text._ZN8WireBase5beginEh
                0x08000d42       0x14 C:\Users\PhD#Chen\AppData\Local\Temp\arduino\sketches\720644089120699F6F08FA1D7447A896\libraries\Wire\utility\WireBase.cpp.o
                0x08000d42                WireBase::begin(unsigned char)
 *fill*         0x08000d56        0x2 
 .text._ZL19determine_baud_rateP7spi_devm.isra.8
                0x08000d58       0x3c C:\Users\PhD#Chen\AppData\Local\Temp\arduino\sketches\720644089120699F6F08FA1D7447A896\libraries\SPI\SPI.cpp.o
 .text._ZN8SPIClassC2Em
                0x08000d94       0xa8 C:\Users\PhD#Chen\AppData\Local\Temp\arduino\sketches\720644089120699F6F08FA1D7447A896\libraries\SPI\SPI.cpp.o
                0x08000d94                SPIClass::SPIClass(unsigned long)
                0x08000d94                SPIClass::SPIClass(unsigned long)
 .text.startup._GLOBAL__sub_I__ZN8SPIClassC2Em
                0x08000e3c        0xc C:\Users\PhD#Chen\AppData\Local\Temp\arduino\sketches\720644089120699F6F08FA1D7447A896\libraries\SPI\SPI.cpp.o
 .text._Z9boardInitv
                0x08000e48        0x2 C:\Users\PhD#Chen\AppData\Local\Temp\arduino\sketches\720644089120699F6F08FA1D7447A896\core\board.cpp.o
                0x08000e48                boardInit()
 *fill*         0x08000e4a        0x2 
 .text.startup._GLOBAL__sub_I__Z9boardInitv
                0x08000e4c       0x48 C:\Users\PhD#Chen\AppData\Local\Temp\arduino\sketches\720644089120699F6F08FA1D7447A896\core\board.cpp.o
 .text._ZL18adc_default_configP7adc_dev
                0x08000e94       0x1c C:\Users\PhD#Chen\AppData\Local\Temp\arduino\sketches\720644089120699F6F08FA1D7447A896\core\wirish\boards.cpp.o
 .text._ZL20timer_default_configP9timer_dev
                0x08000eb0       0x9e C:\Users\PhD#Chen\AppData\Local\Temp\arduino\sketches\720644089120699F6F08FA1D7447A896\core\wirish\boards.cpp.o
 *fill*         0x08000f4e        0x2 
 .text._Z4initv
                0x08000f50       0xbc C:\Users\PhD#Chen\AppData\Local\Temp\arduino\sketches\720644089120699F6F08FA1D7447A896\core\wirish\boards.cpp.o
                0x08000f50                init()
 .text._ZN6wirish4priv15board_reset_pllEv
                0x0800100c        0x2 C:\Users\PhD#Chen\AppData\Local\Temp\arduino\sketches\720644089120699F6F08FA1D7447A896\core\wirish\boards_setup.cpp.o
                0x0800100c                wirish::priv::board_reset_pll()
 .text._ZN6wirish4priv28board_setup_clock_prescalersEv
                0x0800100e       0x2e C:\Users\PhD#Chen\AppData\Local\Temp\arduino\sketches\720644089120699F6F08FA1D7447A896\core\wirish\boards_setup.cpp.o
                0x0800100e                wirish::priv::board_setup_clock_prescalers()
 .text._ZN6wirish4priv16board_setup_gpioEv
                0x0800103c        0x4 C:\Users\PhD#Chen\AppData\Local\Temp\arduino\sketches\720644089120699F6F08FA1D7447A896\core\wirish\boards_setup.cpp.o
                0x0800103c                wirish::priv::board_setup_gpio()
 .text._ZN6wirish4priv15board_setup_usbEv
                0x08001040       0x54 C:\Users\PhD#Chen\AppData\Local\Temp\arduino\sketches\720644089120699F6F08FA1D7447A896\core\wirish\boards_setup.cpp.o
                0x08001040                wirish::priv::board_setup_usb()
 .text._ZN6wirish4priv11series_initEv
                0x08001094        0x4 C:\Users\PhD#Chen\AppData\Local\Temp\arduino\sketches\720644089120699F6F08FA1D7447A896\core\wirish\boards_setup.cpp.o
                0x08001094                wirish::priv::series_init()
 .text          0x08001098       0x10 C:\Users\PhD#Chen\AppData\Local\Temp\arduino\sketches\720644089120699F6F08FA1D7447A896\core\wirish\start.S.o
                0x08001098                __start__
 .text.start_c  0x080010a8       0x58 C:\Users\PhD#Chen\AppData\Local\Temp\arduino\sketches\720644089120699F6F08FA1D7447A896\core\wirish\start_c.c.o
                0x080010a8                start_c
 .text._sbrk    0x08001100       0x44 C:\Users\PhD#Chen\AppData\Local\Temp\arduino\sketches\720644089120699F6F08FA1D7447A896\core\wirish\syscalls.c.o
                0x08001100                _sbrk
 .text.rb_full_count
                0x08001144       0x22 C:\Users\PhD#Chen\AppData\Local\Temp\arduino\cores\24392cb5db6b0047c94a91c475d442f3\core.a(HardwareSerial.cpp.o)
 .text._ZN14HardwareSerial4readEv
                0x08001166       0x3a C:\Users\PhD#Chen\AppData\Local\Temp\arduino\cores\24392cb5db6b0047c94a91c475d442f3\core.a(HardwareSerial.cpp.o)
                0x08001166                HardwareSerial::read()
 .text._ZN14HardwareSerial9availableEv
                0x080011a0        0xc C:\Users\PhD#Chen\AppData\Local\Temp\arduino\cores\24392cb5db6b0047c94a91c475d442f3\core.a(HardwareSerial.cpp.o)
                0x080011a0                HardwareSerial::available()
 .text._ZN14HardwareSerial4peekEv
                0x080011ac       0x22 C:\Users\PhD#Chen\AppData\Local\Temp\arduino\cores\24392cb5db6b0047c94a91c475d442f3\core.a(HardwareSerial.cpp.o)
                0x080011ac                HardwareSerial::peek()
 .text._ZN14HardwareSerial5flushEv
                0x080011ce       0x1a C:\Users\PhD#Chen\AppData\Local\Temp\arduino\cores\24392cb5db6b0047c94a91c475d442f3\core.a(HardwareSerial.cpp.o)
                0x080011ce                HardwareSerial::flush()
 .text._ZN14HardwareSerial5writeEh
                0x080011e8       0x1e C:\Users\PhD#Chen\AppData\Local\Temp\arduino\cores\24392cb5db6b0047c94a91c475d442f3\core.a(HardwareSerial.cpp.o)
                0x080011e8                HardwareSerial::write(unsigned char)
 *fill*         0x08001206        0x2 
 .text._ZN14HardwareSerialC2EP9usart_devhh
                0x08001208       0x1c C:\Users\PhD#Chen\AppData\Local\Temp\arduino\cores\24392cb5db6b0047c94a91c475d442f3\core.a(HardwareSerial.cpp.o)
                0x08001208                HardwareSerial::HardwareSerial(usart_dev*, unsigned char, unsigned char)
                0x08001208                HardwareSerial::HardwareSerial(usart_dev*, unsigned char, unsigned char)
 .text._ZN14HardwareSerial5beginEmh
                0x08001224       0x78 C:\Users\PhD#Chen\AppData\Local\Temp\arduino\cores\24392cb5db6b0047c94a91c475d442f3\core.a(HardwareSerial.cpp.o)
                0x08001224                HardwareSerial::begin(unsigned long, unsigned char)
 .text._ZN14HardwareSerial5beginEm
                0x0800129c        0x6 C:\Users\PhD#Chen\AppData\Local\Temp\arduino\cores\24392cb5db6b0047c94a91c475d442f3\core.a(HardwareSerial.cpp.o)
                0x0800129c                HardwareSerial::begin(unsigned long)
 .text._ZN5Print5writeEPKvm
                0x080012a2       0x20 C:\Users\PhD#Chen\AppData\Local\Temp\arduino\cores\24392cb5db6b0047c94a91c475d442f3\core.a(Print.cpp.o)
                0x080012a2                Print::write(void const*, unsigned long)
 .text._ZN5Print5writeEPKc
                0x080012c2       0x1e C:\Users\PhD#Chen\AppData\Local\Temp\arduino\cores\24392cb5db6b0047c94a91c475d442f3\core.a(Print.cpp.o)
                0x080012c2                Print::write(char const*)
 .text._ZN5Print5printERK6String
                0x080012e0       0x10 C:\Users\PhD#Chen\AppData\Local\Temp\arduino\cores\24392cb5db6b0047c94a91c475d442f3\core.a(Print.cpp.o)
                0x080012e0                Print::print(String const&)
 .text._ZN5Print5printEc
                0x080012f0        0xa C:\Users\PhD#Chen\AppData\Local\Temp\arduino\cores\24392cb5db6b0047c94a91c475d442f3\core.a(Print.cpp.o)
                0x080012f0                Print::print(char)
 .text._ZN5Print5printEPKc
                0x080012fa        0xa C:\Users\PhD#Chen\AppData\Local\Temp\arduino\cores\24392cb5db6b0047c94a91c475d442f3\core.a(Print.cpp.o)
                0x080012fa                Print::print(char const*)
 .text._ZN5Print7printlnEv
                0x08001304       0x18 C:\Users\PhD#Chen\AppData\Local\Temp\arduino\cores\24392cb5db6b0047c94a91c475d442f3\core.a(Print.cpp.o)
                0x08001304                Print::println()
 .text._ZN5Print7printlnERK6String
                0x0800131c       0x14 C:\Users\PhD#Chen\AppData\Local\Temp\arduino\cores\24392cb5db6b0047c94a91c475d442f3\core.a(Print.cpp.o)
                0x0800131c                Print::println(String const&)
 .text._ZN5Print7printlnEPKc
                0x08001330       0x14 C:\Users\PhD#Chen\AppData\Local\Temp\arduino\cores\24392cb5db6b0047c94a91c475d442f3\core.a(Print.cpp.o)
                0x08001330                Print::println(char const*)
 .text._ZN5Print11printNumberEyh
                0x08001344       0x84 C:\Users\PhD#Chen\AppData\Local\Temp\arduino\cores\24392cb5db6b0047c94a91c475d442f3\core.a(Print.cpp.o)
                0x08001344                Print::printNumber(unsigned long long, unsigned char)
 .text._ZN5Print5printExi
                0x080013c8       0x32 C:\Users\PhD#Chen\AppData\Local\Temp\arduino\cores\24392cb5db6b0047c94a91c475d442f3\core.a(Print.cpp.o)
                0x080013c8                Print::print(long long, int)
 .text._ZN5Print5printEii
                0x080013fa       0x12 C:\Users\PhD#Chen\AppData\Local\Temp\arduino\cores\24392cb5db6b0047c94a91c475d442f3\core.a(Print.cpp.o)
                0x080013fa                Print::print(int, int)
 *fill*         0x0800140c        0x4 
 .text._ZN5Print10printFloatEdh
                0x08001410      0x158 C:\Users\PhD#Chen\AppData\Local\Temp\arduino\cores\24392cb5db6b0047c94a91c475d442f3\core.a(Print.cpp.o)
                0x08001410                Print::printFloat(double, unsigned char)
 .text._ZN5Print5printEdi
                0x08001568        0xa C:\Users\PhD#Chen\AppData\Local\Temp\arduino\cores\24392cb5db6b0047c94a91c475d442f3\core.a(Print.cpp.o)
                0x08001568                Print::print(double, int)
 *fill*         0x08001572        0x2 
 .text._ZN6Stream9timedReadEv
                0x08001574       0x30 C:\Users\PhD#Chen\AppData\Local\Temp\arduino\cores\24392cb5db6b0047c94a91c475d442f3\core.a(Stream.cpp.o)
                0x08001574                Stream::timedRead()
 .text._ZN6Stream10readStringEv
                0x080015a4       0x28 C:\Users\PhD#Chen\AppData\Local\Temp\arduino\cores\24392cb5db6b0047c94a91c475d442f3\core.a(Stream.cpp.o)
                0x080015a4                Stream::readString()
 .text._ZN6StringD2Ev
                0x080015cc        0xe C:\Users\PhD#Chen\AppData\Local\Temp\arduino\cores\24392cb5db6b0047c94a91c475d442f3\core.a(WString.cpp.o)
                0x080015cc                String::~String()
                0x080015cc                String::~String()
 .text._ZN6String10invalidateEv
                0x080015da       0x16 C:\Users\PhD#Chen\AppData\Local\Temp\arduino\cores\24392cb5db6b0047c94a91c475d442f3\core.a(WString.cpp.o)
                0x080015da                String::invalidate()
 .text._ZN6String12changeBufferEj
                0x080015f0       0x18 C:\Users\PhD#Chen\AppData\Local\Temp\arduino\cores\24392cb5db6b0047c94a91c475d442f3\core.a(WString.cpp.o)
                0x080015f0                String::changeBuffer(unsigned int)
 .text._ZN6String7reserveEj
                0x08001608       0x22 C:\Users\PhD#Chen\AppData\Local\Temp\arduino\cores\24392cb5db6b0047c94a91c475d442f3\core.a(WString.cpp.o)
                0x08001608                String::reserve(unsigned int)
 .text._ZN6String4copyEPKcj
                0x0800162a       0x26 C:\Users\PhD#Chen\AppData\Local\Temp\arduino\cores\24392cb5db6b0047c94a91c475d442f3\core.a(WString.cpp.o)
                0x0800162a                String::copy(char const*, unsigned int)
 .text._ZN6StringC2EPKc
                0x08001650       0x24 C:\Users\PhD#Chen\AppData\Local\Temp\arduino\cores\24392cb5db6b0047c94a91c475d442f3\core.a(WString.cpp.o)
                0x08001650                String::String(char const*)
                0x08001650                String::String(char const*)
 .text._ZN6String6concatEPKcj
                0x08001674       0x2e C:\Users\PhD#Chen\AppData\Local\Temp\arduino\cores\24392cb5db6b0047c94a91c475d442f3\core.a(WString.cpp.o)
                0x08001674                String::concat(char const*, unsigned int)
 .text._ZN6String6concatERKS_
                0x080016a2        0xa C:\Users\PhD#Chen\AppData\Local\Temp\arduino\cores\24392cb5db6b0047c94a91c475d442f3\core.a(WString.cpp.o)
                0x080016a2                String::concat(String const&)
 .text._ZN6String6concatEc
                0x080016ac       0x1a C:\Users\PhD#Chen\AppData\Local\Temp\arduino\cores\24392cb5db6b0047c94a91c475d442f3\core.a(WString.cpp.o)
                0x080016ac                String::concat(char)
 .text._ZNK6String7indexOfERKS_j
                0x080016c6       0x1e C:\Users\PhD#Chen\AppData\Local\Temp\arduino\cores\24392cb5db6b0047c94a91c475d442f3\core.a(WString.cpp.o)
                0x080016c6                String::indexOf(String const&, unsigned int) const
 .text._ZNK6String7indexOfERKS_
                0x080016e4        0x6 C:\Users\PhD#Chen\AppData\Local\Temp\arduino\cores\24392cb5db6b0047c94a91c475d442f3\core.a(WString.cpp.o)
                0x080016e4                String::indexOf(String const&) const
 *fill*         0x080016ea        0x2 
 .text.dtostrf  0x080016ec      0x148 C:\Users\PhD#Chen\AppData\Local\Temp\arduino\cores\24392cb5db6b0047c94a91c475d442f3\core.a(dtostrf.c.o)
                0x080016ec                dtostrf
 .text.__cxa_pure_virtual
                0x08001834        0x2 C:\Users\PhD#Chen\AppData\Local\Temp\arduino\cores\24392cb5db6b0047c94a91c475d442f3\core.a(cxxabi-compat.cpp.o)
                0x08001834                __cxa_pure_virtual
 .text.adc_init
                0x08001836       0x14 C:\Users\PhD#Chen\AppData\Local\Temp\arduino\cores\24392cb5db6b0047c94a91c475d442f3\core.a(adc.c.o)
                0x08001836                adc_init
 .text.adc_set_extsel
                0x0800184a       0x12 C:\Users\PhD#Chen\AppData\Local\Temp\arduino\cores\24392cb5db6b0047c94a91c475d442f3\core.a(adc.c.o)
                0x0800184a                adc_set_extsel
 .text.adc_set_sample_rate
                0x0800185c       0x30 C:\Users\PhD#Chen\AppData\Local\Temp\arduino\cores\24392cb5db6b0047c94a91c475d442f3\core.a(adc.c.o)
                0x0800185c                adc_set_sample_rate
 .text.__irq_adc
                0x0800188c       0x50 C:\Users\PhD#Chen\AppData\Local\Temp\arduino\cores\24392cb5db6b0047c94a91c475d442f3\core.a(adc_f1.c.o)
                0x0800188c                __irq_adc
 .text.adc_calibrate
                0x080018dc       0x24 C:\Users\PhD#Chen\AppData\Local\Temp\arduino\cores\24392cb5db6b0047c94a91c475d442f3\core.a(adc_f1.c.o)
                0x080018dc                adc_calibrate
 .text.adc_set_prescaler
                0x08001900        0x8 C:\Users\PhD#Chen\AppData\Local\Temp\arduino\cores\24392cb5db6b0047c94a91c475d442f3\core.a(adc_f1.c.o)
                0x08001900                adc_set_prescaler
 .text.adc_foreach
                0x08001908       0x1c C:\Users\PhD#Chen\AppData\Local\Temp\arduino\cores\24392cb5db6b0047c94a91c475d442f3\core.a(adc_f1.c.o)
                0x08001908                adc_foreach
 .text.adc_enable_single_swstart
                0x08001924       0x36 C:\Users\PhD#Chen\AppData\Local\Temp\arduino\cores\24392cb5db6b0047c94a91c475d442f3\core.a(adc_f1.c.o)
                0x08001924                adc_enable_single_swstart
 .text.dma_irq_handler
                0x0800195a       0x1c C:\Users\PhD#Chen\AppData\Local\Temp\arduino\cores\24392cb5db6b0047c94a91c475d442f3\core.a(dma_f1.c.o)
 *fill*         0x08001976        0x2 
 .text.__irq_dma1_channel1
                0x08001978       0x10 C:\Users\PhD#Chen\AppData\Local\Temp\arduino\cores\24392cb5db6b0047c94a91c475d442f3\core.a(dma_f1.c.o)
                0x08001978                __irq_dma1_channel1
 .text.__irq_dma1_channel2
                0x08001988       0x10 C:\Users\PhD#Chen\AppData\Local\Temp\arduino\cores\24392cb5db6b0047c94a91c475d442f3\core.a(dma_f1.c.o)
                0x08001988                __irq_dma1_channel2
 .text.__irq_dma1_channel3
                0x08001998       0x10 C:\Users\PhD#Chen\AppData\Local\Temp\arduino\cores\24392cb5db6b0047c94a91c475d442f3\core.a(dma_f1.c.o)
                0x08001998                __irq_dma1_channel3
 .text.__irq_dma1_channel4
                0x080019a8       0x10 C:\Users\PhD#Chen\AppData\Local\Temp\arduino\cores\24392cb5db6b0047c94a91c475d442f3\core.a(dma_f1.c.o)
                0x080019a8                __irq_dma1_channel4
 .text.__irq_dma1_channel5
                0x080019b8       0x10 C:\Users\PhD#Chen\AppData\Local\Temp\arduino\cores\24392cb5db6b0047c94a91c475d442f3\core.a(dma_f1.c.o)
                0x080019b8                __irq_dma1_channel5
 .text.__irq_dma1_channel6
                0x080019c8       0x10 C:\Users\PhD#Chen\AppData\Local\Temp\arduino\cores\24392cb5db6b0047c94a91c475d442f3\core.a(dma_f1.c.o)
                0x080019c8                __irq_dma1_channel6
 .text.__irq_dma1_channel7
                0x080019d8       0x10 C:\Users\PhD#Chen\AppData\Local\Temp\arduino\cores\24392cb5db6b0047c94a91c475d442f3\core.a(dma_f1.c.o)
                0x080019d8                __irq_dma1_channel7
 *fill*         0x080019e8        0x8 
 .text          0x080019f0       0x60 C:\Users\PhD#Chen\AppData\Local\Temp\arduino\cores\24392cb5db6b0047c94a91c475d442f3\core.a(exc.S.o)
                0x080019f0                __exc_nmi
                0x080019f4                __exc_hardfault
                0x080019f8                __exc_memmanage
                0x080019fc                __exc_busfault
                0x08001a00                __exc_usagefault
 .text.dispatch_single_exti
                0x08001a50       0x2c C:\Users\PhD#Chen\AppData\Local\Temp\arduino\cores\24392cb5db6b0047c94a91c475d442f3\core.a(exti.c.o)
                0x08001a50                dispatch_single_exti
 .text.dispatch_extis
                0x08001a7c       0x4c C:\Users\PhD#Chen\AppData\Local\Temp\arduino\cores\24392cb5db6b0047c94a91c475d442f3\core.a(exti.c.o)
                0x08001a7c                dispatch_extis
 .text.__irq_exti0
                0x08001ac8        0x6 C:\Users\PhD#Chen\AppData\Local\Temp\arduino\cores\24392cb5db6b0047c94a91c475d442f3\core.a(exti.c.o)
                0x08001ac8                __irq_exti0
 .text.__irq_exti1
                0x08001ace        0x6 C:\Users\PhD#Chen\AppData\Local\Temp\arduino\cores\24392cb5db6b0047c94a91c475d442f3\core.a(exti.c.o)
                0x08001ace                __irq_exti1
 .text.__irq_exti2
                0x08001ad4        0x6 C:\Users\PhD#Chen\AppData\Local\Temp\arduino\cores\24392cb5db6b0047c94a91c475d442f3\core.a(exti.c.o)
                0x08001ad4                __irq_exti2
 .text.__irq_exti3
                0x08001ada        0x6 C:\Users\PhD#Chen\AppData\Local\Temp\arduino\cores\24392cb5db6b0047c94a91c475d442f3\core.a(exti.c.o)
                0x08001ada                __irq_exti3
 .text.__irq_exti4
                0x08001ae0        0x6 C:\Users\PhD#Chen\AppData\Local\Temp\arduino\cores\24392cb5db6b0047c94a91c475d442f3\core.a(exti.c.o)
                0x08001ae0                __irq_exti4
 .text.__irq_exti9_5
                0x08001ae6        0x8 C:\Users\PhD#Chen\AppData\Local\Temp\arduino\cores\24392cb5db6b0047c94a91c475d442f3\core.a(exti.c.o)
                0x08001ae6                __irq_exti9_5
 .text.__irq_exti15_10
                0x08001aee        0x8 C:\Users\PhD#Chen\AppData\Local\Temp\arduino\cores\24392cb5db6b0047c94a91c475d442f3\core.a(exti.c.o)
                0x08001aee                __irq_exti15_10
 *fill*         0x08001af6        0x2 
 .text.flash_set_latency
                0x08001af8       0x14 C:\Users\PhD#Chen\AppData\Local\Temp\arduino\cores\24392cb5db6b0047c94a91c475d442f3\core.a(flash.c.o)
                0x08001af8                flash_set_latency
 .text.gpio_init_all
                0x08001b0c       0x30 C:\Users\PhD#Chen\AppData\Local\Temp\arduino\cores\24392cb5db6b0047c94a91c475d442f3\core.a(gpio_f1.c.o)
                0x08001b0c                gpio_init_all
 .text.gpio_set_mode
                0x08001b3c       0x50 C:\Users\PhD#Chen\AppData\Local\Temp\arduino\cores\24392cb5db6b0047c94a91c475d442f3\core.a(gpio_f1.c.o)
                0x08001b3c                gpio_set_mode
 .text.afio_init
                0x08001b8c       0x12 C:\Users\PhD#Chen\AppData\Local\Temp\arduino\cores\24392cb5db6b0047c94a91c475d442f3\core.a(gpio_f1.c.o)
                0x08001b8c                afio_init
 *fill*         0x08001b9e        0x2 
 .text.afio_remap
                0x08001ba0       0x20 C:\Users\PhD#Chen\AppData\Local\Temp\arduino\cores\24392cb5db6b0047c94a91c475d442f3\core.a(gpio_f1.c.o)
                0x08001ba0                afio_remap
 .text.nvic_irq_enable
                0x08001bc0       0x1c C:\Users\PhD#Chen\AppData\Local\Temp\arduino\cores\24392cb5db6b0047c94a91c475d442f3\core.a(i2c.c.o)
 .text.i2c_disable_irq
                0x08001bdc        0xc C:\Users\PhD#Chen\AppData\Local\Temp\arduino\cores\24392cb5db6b0047c94a91c475d442f3\core.a(i2c.c.o)
 .text.delay_us.part.0.constprop.6
                0x08001be8        0xa C:\Users\PhD#Chen\AppData\Local\Temp\arduino\cores\24392cb5db6b0047c94a91c475d442f3\core.a(i2c.c.o)
 .text.i2c_bus_reset
                0x08001bf2       0xc2 C:\Users\PhD#Chen\AppData\Local\Temp\arduino\cores\24392cb5db6b0047c94a91c475d442f3\core.a(i2c.c.o)
                0x08001bf2                i2c_bus_reset
 .text.i2c_init
                0x08001cb4       0x1e C:\Users\PhD#Chen\AppData\Local\Temp\arduino\cores\24392cb5db6b0047c94a91c475d442f3\core.a(i2c.c.o)
                0x08001cb4                i2c_init
 *fill*         0x08001cd2        0x2 
 .text.wait_for_state_change
                0x08001cd4       0x98 C:\Users\PhD#Chen\AppData\Local\Temp\arduino\cores\24392cb5db6b0047c94a91c475d442f3\core.a(i2c.c.o)
                0x08001cd4                wait_for_state_change
 .text.i2c_master_xfer
                0x08001d6c       0xcc C:\Users\PhD#Chen\AppData\Local\Temp\arduino\cores\24392cb5db6b0047c94a91c475d442f3\core.a(i2c.c.o)
                0x08001d6c                i2c_master_xfer
 .text._i2c_irq_handler
                0x08001e38      0x3d8 C:\Users\PhD#Chen\AppData\Local\Temp\arduino\cores\24392cb5db6b0047c94a91c475d442f3\core.a(i2c.c.o)
                0x08001e38                _i2c_irq_handler
 .text._i2c_irq_error_handler
                0x08002210       0x74 C:\Users\PhD#Chen\AppData\Local\Temp\arduino\cores\24392cb5db6b0047c94a91c475d442f3\core.a(i2c.c.o)
                0x08002210                _i2c_irq_error_handler
 .text.i2c_set_ccr_trise
                0x08002284       0x54 C:\Users\PhD#Chen\AppData\Local\Temp\arduino\cores\24392cb5db6b0047c94a91c475d442f3\core.a(i2c.c.o)
                0x08002284                i2c_set_ccr_trise
 .text.i2c_master_enable
                0x080022d8      0x1b4 C:\Users\PhD#Chen\AppData\Local\Temp\arduino\cores\24392cb5db6b0047c94a91c475d442f3\core.a(i2c.c.o)
                0x080022d8                i2c_master_enable
 .text.i2c_config_gpios
                0x0800248c       0x58 C:\Users\PhD#Chen\AppData\Local\Temp\arduino\cores\24392cb5db6b0047c94a91c475d442f3\core.a(i2c_f1.c.o)
                0x0800248c                i2c_config_gpios
 .text.i2c_master_release_bus
                0x080024e4       0x4c C:\Users\PhD#Chen\AppData\Local\Temp\arduino\cores\24392cb5db6b0047c94a91c475d442f3\core.a(i2c_f1.c.o)
                0x080024e4                i2c_master_release_bus
 .text.__irq_i2c1_ev
                0x08002530        0xc C:\Users\PhD#Chen\AppData\Local\Temp\arduino\cores\24392cb5db6b0047c94a91c475d442f3\core.a(i2c_f1.c.o)
                0x08002530                __irq_i2c1_ev
 .text.__irq_i2c2_ev
                0x0800253c        0xc C:\Users\PhD#Chen\AppData\Local\Temp\arduino\cores\24392cb5db6b0047c94a91c475d442f3\core.a(i2c_f1.c.o)
                0x0800253c                __irq_i2c2_ev
 .text.__irq_i2c1_er
                0x08002548        0xc C:\Users\PhD#Chen\AppData\Local\Temp\arduino\cores\24392cb5db6b0047c94a91c475d442f3\core.a(i2c_f1.c.o)
                0x08002548                __irq_i2c1_er
 .text.__irq_i2c2_er
                0x08002554        0xc C:\Users\PhD#Chen\AppData\Local\Temp\arduino\cores\24392cb5db6b0047c94a91c475d442f3\core.a(i2c_f1.c.o)
                0x08002554                __irq_i2c2_er
 .text._i2c_irq_priority_fixup
                0x08002560        0xa C:\Users\PhD#Chen\AppData\Local\Temp\arduino\cores\24392cb5db6b0047c94a91c475d442f3\core.a(i2c_f1.c.o)
                0x08002560                _i2c_irq_priority_fixup
 *fill*         0x0800256a        0x2 
 .text.nvic_irq_set_priority
                0x0800256c       0x28 C:\Users\PhD#Chen\AppData\Local\Temp\arduino\cores\24392cb5db6b0047c94a91c475d442f3\core.a(nvic.c.o)
                0x0800256c                nvic_irq_set_priority
 .text.nvic_init
                0x08002594       0x30 C:\Users\PhD#Chen\AppData\Local\Temp\arduino\cores\24392cb5db6b0047c94a91c475d442f3\core.a(nvic.c.o)
                0x08002594                nvic_init
 .text.nvic_sys_reset
                0x080025c4       0x1c C:\Users\PhD#Chen\AppData\Local\Temp\arduino\cores\24392cb5db6b0047c94a91c475d442f3\core.a(nvic.c.o)
                0x080025c4                nvic_sys_reset
 .text.rcc_dev_clk
                0x080025e0        0xc C:\Users\PhD#Chen\AppData\Local\Temp\arduino\cores\24392cb5db6b0047c94a91c475d442f3\core.a(rcc.c.o)
                0x080025e0                rcc_dev_clk
 .text.rcc_switch_sysclk
                0x080025ec       0x20 C:\Users\PhD#Chen\AppData\Local\Temp\arduino\cores\24392cb5db6b0047c94a91c475d442f3\core.a(rcc.c.o)
                0x080025ec                rcc_switch_sysclk
 .text.rcc_turn_on_clk
                0x0800260c       0x1a C:\Users\PhD#Chen\AppData\Local\Temp\arduino\cores\24392cb5db6b0047c94a91c475d442f3\core.a(rcc.c.o)
                0x0800260c                rcc_turn_on_clk
 .text.rcc_turn_off_clk
                0x08002626       0x1c C:\Users\PhD#Chen\AppData\Local\Temp\arduino\cores\24392cb5db6b0047c94a91c475d442f3\core.a(rcc.c.o)
                0x08002626                rcc_turn_off_clk
 .text.rcc_is_clk_ready
                0x08002642       0x18 C:\Users\PhD#Chen\AppData\Local\Temp\arduino\cores\24392cb5db6b0047c94a91c475d442f3\core.a(rcc.c.o)
                0x08002642                rcc_is_clk_ready
 *fill*         0x0800265a        0x2 
 .text.rcc_configure_pll
                0x0800265c       0x18 C:\Users\PhD#Chen\AppData\Local\Temp\arduino\cores\24392cb5db6b0047c94a91c475d442f3\core.a(rcc_f1.c.o)
                0x0800265c                rcc_configure_pll
 .text.rcc_clk_enable
                0x08002674       0x30 C:\Users\PhD#Chen\AppData\Local\Temp\arduino\cores\24392cb5db6b0047c94a91c475d442f3\core.a(rcc_f1.c.o)
                0x08002674                rcc_clk_enable
 .text.rcc_reset_dev
                0x080026a4       0x34 C:\Users\PhD#Chen\AppData\Local\Temp\arduino\cores\24392cb5db6b0047c94a91c475d442f3\core.a(rcc_f1.c.o)
                0x080026a4                rcc_reset_dev
 .text.rcc_set_prescaler
                0x080026d8       0x20 C:\Users\PhD#Chen\AppData\Local\Temp\arduino\cores\24392cb5db6b0047c94a91c475d442f3\core.a(rcc_f1.c.o)
                0x080026d8                rcc_set_prescaler
 .text.rcc_clk_disable
                0x080026f8       0x30 C:\Users\PhD#Chen\AppData\Local\Temp\arduino\cores\24392cb5db6b0047c94a91c475d442f3\core.a(rcc_f1.c.o)
                0x080026f8                rcc_clk_disable
 .text          0x08002728        0x2 C:\Users\PhD#Chen\AppData\Local\Temp\arduino\cores\24392cb5db6b0047c94a91c475d442f3\core.a(isrs.S.o)
                0x08002728                __stm32reservedexception9
                0x08002728                __exc_debug_monitor
                0x08002728                __exc_svc
                0x08002728                __irq_can_rx1
                0x08002728                __irq_spi2
                0x08002728                __irq_can_sce
                0x08002728                __irq_pvd
                0x08002728                __irq_tamper
                0x08002728                __default_handler
                0x08002728                __irq_wwdg
                0x08002728                __stm32reservedexception10
                0x08002728                __irq_flash
                0x08002728                __stm32reservedexception13
                0x08002728                __irq_rtc
                0x08002728                __irq_spi1
                0x08002728                __stm32reservedexception7
                0x08002728                __irq_usb_hp_can_tx
                0x08002728                __irq_rtcalarm
                0x08002728                __stm32reservedexception8
                0x08002728                __exc_pendsv
                0x08002728                __irq_usbwakeup
                0x08002728                __irq_rcc
 *fill*         0x0800272a        0x2 
 .text.systick_init
                0x0800272c       0x10 C:\Users\PhD#Chen\AppData\Local\Temp\arduino\cores\24392cb5db6b0047c94a91c475d442f3\core.a(systick.c.o)
                0x0800272c                systick_init
 .text.__exc_systick
                0x0800273c       0x1c C:\Users\PhD#Chen\AppData\Local\Temp\arduino\cores\24392cb5db6b0047c94a91c475d442f3\core.a(systick.c.o)
                0x0800273c                __exc_systick
 .text.timer_oc_set_mode
                0x08002758       0x3a C:\Users\PhD#Chen\AppData\Local\Temp\arduino\cores\24392cb5db6b0047c94a91c475d442f3\core.a(timer.c.o)
 .text.dispatch_general
                0x08002792       0x66 C:\Users\PhD#Chen\AppData\Local\Temp\arduino\cores\24392cb5db6b0047c94a91c475d442f3\core.a(timer.c.o)
 .text.timer_cc_enable
                0x080027f8       0x1c C:\Users\PhD#Chen\AppData\Local\Temp\arduino\cores\24392cb5db6b0047c94a91c475d442f3\core.a(timer.c.o)
 .text.timer_foreach
                0x08002814       0x28 C:\Users\PhD#Chen\AppData\Local\Temp\arduino\cores\24392cb5db6b0047c94a91c475d442f3\core.a(timer.c.o)
                0x08002814                timer_foreach
 .text.timer_init
                0x0800283c       0x14 C:\Users\PhD#Chen\AppData\Local\Temp\arduino\cores\24392cb5db6b0047c94a91c475d442f3\core.a(timer.c.o)
                0x0800283c                timer_init
 .text.timer_has_cc_channel
                0x08002850       0x30 C:\Users\PhD#Chen\AppData\Local\Temp\arduino\cores\24392cb5db6b0047c94a91c475d442f3\core.a(timer.c.o)
                0x08002850                timer_has_cc_channel
 .text.timer_detach_interrupt
                0x08002880       0x1e C:\Users\PhD#Chen\AppData\Local\Temp\arduino\cores\24392cb5db6b0047c94a91c475d442f3\core.a(timer.c.o)
                0x08002880                timer_detach_interrupt
 .text.input_capture_mode
                0x0800289e       0x1a C:\Users\PhD#Chen\AppData\Local\Temp\arduino\cores\24392cb5db6b0047c94a91c475d442f3\core.a(timer.c.o)
                0x0800289e                input_capture_mode
 .text.timer_set_mode
                0x080028b8       0x8c C:\Users\PhD#Chen\AppData\Local\Temp\arduino\cores\24392cb5db6b0047c94a91c475d442f3\core.a(timer.c.o)
                0x080028b8                timer_set_mode
 .text.__irq_tim1_brk
                0x08002944       0x24 C:\Users\PhD#Chen\AppData\Local\Temp\arduino\cores\24392cb5db6b0047c94a91c475d442f3\core.a(timer.c.o)
                0x08002944                __irq_tim1_brk
 .text.__irq_tim1_up
                0x08002968       0x24 C:\Users\PhD#Chen\AppData\Local\Temp\arduino\cores\24392cb5db6b0047c94a91c475d442f3\core.a(timer.c.o)
                0x08002968                __irq_tim1_up
 .text.__irq_tim1_trg_com
                0x0800298c       0x34 C:\Users\PhD#Chen\AppData\Local\Temp\arduino\cores\24392cb5db6b0047c94a91c475d442f3\core.a(timer.c.o)
                0x0800298c                __irq_tim1_trg_com
 .text.__irq_tim1_cc
                0x080029c0       0x50 C:\Users\PhD#Chen\AppData\Local\Temp\arduino\cores\24392cb5db6b0047c94a91c475d442f3\core.a(timer.c.o)
                0x080029c0                __irq_tim1_cc
 .text.__irq_tim2
                0x08002a10        0xc C:\Users\PhD#Chen\AppData\Local\Temp\arduino\cores\24392cb5db6b0047c94a91c475d442f3\core.a(timer.c.o)
                0x08002a10                __irq_tim2
 .text.__irq_tim3
                0x08002a1c        0xc C:\Users\PhD#Chen\AppData\Local\Temp\arduino\cores\24392cb5db6b0047c94a91c475d442f3\core.a(timer.c.o)
                0x08002a1c                __irq_tim3
 .text.__irq_tim4
                0x08002a28        0xc C:\Users\PhD#Chen\AppData\Local\Temp\arduino\cores\24392cb5db6b0047c94a91c475d442f3\core.a(timer.c.o)
                0x08002a28                __irq_tim4
 .text.usart_init
                0x08002a34       0x4c C:\Users\PhD#Chen\AppData\Local\Temp\arduino\cores\24392cb5db6b0047c94a91c475d442f3\core.a(usart.c.o)
                0x08002a34                usart_init
 .text.usart_enable
                0x08002a80       0x14 C:\Users\PhD#Chen\AppData\Local\Temp\arduino\cores\24392cb5db6b0047c94a91c475d442f3\core.a(usart.c.o)
                0x08002a80                usart_enable
 .text.usart_tx
                0x08002a94       0x9c C:\Users\PhD#Chen\AppData\Local\Temp\arduino\cores\24392cb5db6b0047c94a91c475d442f3\core.a(usart.c.o)
                0x08002a94                usart_tx
 .text.usart_irq
                0x08002b30       0xc8 C:\Users\PhD#Chen\AppData\Local\Temp\arduino\cores\24392cb5db6b0047c94a91c475d442f3\core.a(usart_f1.c.o)
 .text.usart_config_gpios_async
                0x08002bf8       0x4a C:\Users\PhD#Chen\AppData\Local\Temp\arduino\cores\24392cb5db6b0047c94a91c475d442f3\core.a(usart_f1.c.o)
                0x08002bf8                usart_config_gpios_async
 .text.usart_set_baud_rate
                0x08002c42       0x3c C:\Users\PhD#Chen\AppData\Local\Temp\arduino\cores\24392cb5db6b0047c94a91c475d442f3\core.a(usart_f1.c.o)
                0x08002c42                usart_set_baud_rate
 *fill*         0x08002c7e        0x2 
 .text.__irq_usart1
                0x08002c80       0x18 C:\Users\PhD#Chen\AppData\Local\Temp\arduino\cores\24392cb5db6b0047c94a91c475d442f3\core.a(usart_f1.c.o)
                0x08002c80                __irq_usart1
 .text.__irq_usart2
                0x08002c98       0x18 C:\Users\PhD#Chen\AppData\Local\Temp\arduino\cores\24392cb5db6b0047c94a91c475d442f3\core.a(usart_f1.c.o)
                0x08002c98                __irq_usart2
 .text.__irq_usart3
                0x08002cb0       0x18 C:\Users\PhD#Chen\AppData\Local\Temp\arduino\cores\24392cb5db6b0047c94a91c475d442f3\core.a(usart_f1.c.o)
                0x08002cb0                __irq_usart3
 .text._usart_clock_freq
                0x08002cc8       0x24 C:\Users\PhD#Chen\AppData\Local\Temp\arduino\cores\24392cb5db6b0047c94a91c475d442f3\core.a(usart_private.c.o)
                0x08002cc8                _usart_clock_freq
 .text.usb_resume
                0x08002cec       0xb4 C:\Users\PhD#Chen\AppData\Local\Temp\arduino\cores\24392cb5db6b0047c94a91c475d442f3\core.a(usb.c.o)
 .text.usb_init_usblib
                0x08002da0       0x48 C:\Users\PhD#Chen\AppData\Local\Temp\arduino\cores\24392cb5db6b0047c94a91c475d442f3\core.a(usb.c.o)
                0x08002da0                usb_init_usblib
 .text.__irq_usb_lp_can_rx0
                0x08002de8      0x1c8 C:\Users\PhD#Chen\AppData\Local\Temp\arduino\cores\24392cb5db6b0047c94a91c475d442f3\core.a(usb.c.o)
                0x08002de8                __irq_usb_lp_can_rx0
 .text.usb_set_ep_rx_stat
                0x08002fb0       0x22 C:\Users\PhD#Chen\AppData\Local\Temp\arduino\cores\24392cb5db6b0047c94a91c475d442f3\core.a(usb_cdcacm.c.o)
 *fill*         0x08002fd2        0x2 
 .text.vcomGetSetLineCoding
                0x08002fd4       0x18 C:\Users\PhD#Chen\AppData\Local\Temp\arduino\cores\24392cb5db6b0047c94a91c475d442f3\core.a(usb_cdcacm.c.o)
 .text.usbDataSetup
                0x08002fec       0x54 C:\Users\PhD#Chen\AppData\Local\Temp\arduino\cores\24392cb5db6b0047c94a91c475d442f3\core.a(usb_cdcacm.c.o)
 .text.usbNoDataSetup
                0x08003040       0x50 C:\Users\PhD#Chen\AppData\Local\Temp\arduino\cores\24392cb5db6b0047c94a91c475d442f3\core.a(usb_cdcacm.c.o)
 .text.usbGetInterfaceSetting
                0x08003090       0x10 C:\Users\PhD#Chen\AppData\Local\Temp\arduino\cores\24392cb5db6b0047c94a91c475d442f3\core.a(usb_cdcacm.c.o)
 .text.usbSetConfiguration
                0x080030a0       0x1c C:\Users\PhD#Chen\AppData\Local\Temp\arduino\cores\24392cb5db6b0047c94a91c475d442f3\core.a(usb_cdcacm.c.o)
 .text.usbSetDeviceAddress
                0x080030bc       0x10 C:\Users\PhD#Chen\AppData\Local\Temp\arduino\cores\24392cb5db6b0047c94a91c475d442f3\core.a(usb_cdcacm.c.o)
 .text.usbGetStringDescriptor
                0x080030cc       0x20 C:\Users\PhD#Chen\AppData\Local\Temp\arduino\cores\24392cb5db6b0047c94a91c475d442f3\core.a(usb_cdcacm.c.o)
 .text.usbGetConfigDescriptor
                0x080030ec        0xc C:\Users\PhD#Chen\AppData\Local\Temp\arduino\cores\24392cb5db6b0047c94a91c475d442f3\core.a(usb_cdcacm.c.o)
 .text.usbGetDeviceDescriptor
                0x080030f8        0xc C:\Users\PhD#Chen\AppData\Local\Temp\arduino\cores\24392cb5db6b0047c94a91c475d442f3\core.a(usb_cdcacm.c.o)
 .text.usbInit  0x08003104       0x44 C:\Users\PhD#Chen\AppData\Local\Temp\arduino\cores\24392cb5db6b0047c94a91c475d442f3\core.a(usb_cdcacm.c.o)
 .text.vcomDataTxCb
                0x08003148       0xa0 C:\Users\PhD#Chen\AppData\Local\Temp\arduino\cores\24392cb5db6b0047c94a91c475d442f3\core.a(usb_cdcacm.c.o)
 .text.usbReset
                0x080031e8      0x160 C:\Users\PhD#Chen\AppData\Local\Temp\arduino\cores\24392cb5db6b0047c94a91c475d442f3\core.a(usb_cdcacm.c.o)
 .text.vcomDataRxCb
                0x08003348       0x7c C:\Users\PhD#Chen\AppData\Local\Temp\arduino\cores\24392cb5db6b0047c94a91c475d442f3\core.a(usb_cdcacm.c.o)
 .text.usb_cdcacm_set_hooks
                0x080033c4       0x1c C:\Users\PhD#Chen\AppData\Local\Temp\arduino\cores\24392cb5db6b0047c94a91c475d442f3\core.a(usb_cdcacm.c.o)
                0x080033c4                usb_cdcacm_set_hooks
 .text.usb_cdcacm_enable
                0x080033e0       0x38 C:\Users\PhD#Chen\AppData\Local\Temp\arduino\cores\24392cb5db6b0047c94a91c475d442f3\core.a(usb_cdcacm.c.o)
                0x080033e0                usb_cdcacm_enable
 .text.usb_cdcacm_tx
                0x08003418       0x60 C:\Users\PhD#Chen\AppData\Local\Temp\arduino\cores\24392cb5db6b0047c94a91c475d442f3\core.a(usb_cdcacm.c.o)
                0x08003418                usb_cdcacm_tx
 .text.usb_cdcacm_data_available
                0x08003478       0x18 C:\Users\PhD#Chen\AppData\Local\Temp\arduino\cores\24392cb5db6b0047c94a91c475d442f3\core.a(usb_cdcacm.c.o)
                0x08003478                usb_cdcacm_data_available
 .text.usb_cdcacm_peek
                0x08003490       0x38 C:\Users\PhD#Chen\AppData\Local\Temp\arduino\cores\24392cb5db6b0047c94a91c475d442f3\core.a(usb_cdcacm.c.o)
                0x08003490                usb_cdcacm_peek
 .text.usb_cdcacm_rx
                0x080034c8       0x34 C:\Users\PhD#Chen\AppData\Local\Temp\arduino\cores\24392cb5db6b0047c94a91c475d442f3\core.a(usb_cdcacm.c.o)
                0x080034c8                usb_cdcacm_rx
 .text.usb_cdcacm_peek_ex
                0x080034fc       0x3c C:\Users\PhD#Chen\AppData\Local\Temp\arduino\cores\24392cb5db6b0047c94a91c475d442f3\core.a(usb_cdcacm.c.o)
                0x080034fc                usb_cdcacm_peek_ex
 .text.usb_cdcacm_get_dtr
                0x08003538       0x10 C:\Users\PhD#Chen\AppData\Local\Temp\arduino\cores\24392cb5db6b0047c94a91c475d442f3\core.a(usb_cdcacm.c.o)
                0x08003538                usb_cdcacm_get_dtr
 .text.usb_set_ep_rx_count
                0x08003548       0x4c C:\Users\PhD#Chen\AppData\Local\Temp\arduino\cores\24392cb5db6b0047c94a91c475d442f3\core.a(usb_reg_map.c.o)
                0x08003548                usb_set_ep_rx_count
 .text.Standard_GetConfiguration
                0x08003594       0x24 C:\Users\PhD#Chen\AppData\Local\Temp\arduino\cores\24392cb5db6b0047c94a91c475d442f3\core.a(usb_core.c.o)
                0x08003594                Standard_GetConfiguration
 .text.Standard_GetInterface
                0x080035b8       0x24 C:\Users\PhD#Chen\AppData\Local\Temp\arduino\cores\24392cb5db6b0047c94a91c475d442f3\core.a(usb_core.c.o)
                0x080035b8                Standard_GetInterface
 .text.Standard_GetStatus
                0x080035dc       0x90 C:\Users\PhD#Chen\AppData\Local\Temp\arduino\cores\24392cb5db6b0047c94a91c475d442f3\core.a(usb_core.c.o)
                0x080035dc                Standard_GetStatus
 .text.DataStageIn
                0x0800366c       0xa8 C:\Users\PhD#Chen\AppData\Local\Temp\arduino\cores\24392cb5db6b0047c94a91c475d442f3\core.a(usb_core.c.o)
 .text.Standard_SetConfiguration
                0x08003714       0x38 C:\Users\PhD#Chen\AppData\Local\Temp\arduino\cores\24392cb5db6b0047c94a91c475d442f3\core.a(usb_core.c.o)
                0x08003714                Standard_SetConfiguration
 .text.Standard_SetInterface
                0x0800374c       0x48 C:\Users\PhD#Chen\AppData\Local\Temp\arduino\cores\24392cb5db6b0047c94a91c475d442f3\core.a(usb_core.c.o)
                0x0800374c                Standard_SetInterface
 .text.Standard_ClearFeature
                0x08003794       0xd0 C:\Users\PhD#Chen\AppData\Local\Temp\arduino\cores\24392cb5db6b0047c94a91c475d442f3\core.a(usb_core.c.o)
                0x08003794                Standard_ClearFeature
 .text.Standard_SetEndPointFeature
                0x08003864       0x84 C:\Users\PhD#Chen\AppData\Local\Temp\arduino\cores\24392cb5db6b0047c94a91c475d442f3\core.a(usb_core.c.o)
                0x08003864                Standard_SetEndPointFeature
 .text.Standard_SetDeviceFeature
                0x080038e8       0x24 C:\Users\PhD#Chen\AppData\Local\Temp\arduino\cores\24392cb5db6b0047c94a91c475d442f3\core.a(usb_core.c.o)
                0x080038e8                Standard_SetDeviceFeature
 .text.Standard_GetDescriptorData
                0x0800390c       0x1c C:\Users\PhD#Chen\AppData\Local\Temp\arduino\cores\24392cb5db6b0047c94a91c475d442f3\core.a(usb_core.c.o)
                0x0800390c                Standard_GetDescriptorData
 .text.Post0_Process
                0x08003928       0x40 C:\Users\PhD#Chen\AppData\Local\Temp\arduino\cores\24392cb5db6b0047c94a91c475d442f3\core.a(usb_core.c.o)
                0x08003928                Post0_Process
 .text.Setup0_Process
                0x08003968      0x2d0 C:\Users\PhD#Chen\AppData\Local\Temp\arduino\cores\24392cb5db6b0047c94a91c475d442f3\core.a(usb_core.c.o)
                0x08003968                Setup0_Process
 .text.Out0_Process
                0x08003c38       0xc8 C:\Users\PhD#Chen\AppData\Local\Temp\arduino\cores\24392cb5db6b0047c94a91c475d442f3\core.a(usb_core.c.o)
                0x08003c38                Out0_Process
 .text.SetDeviceAddress
                0x08003d00       0x38 C:\Users\PhD#Chen\AppData\Local\Temp\arduino\cores\24392cb5db6b0047c94a91c475d442f3\core.a(usb_core.c.o)
                0x08003d00                SetDeviceAddress
 .text.In0_Process
                0x08003d38       0x5c C:\Users\PhD#Chen\AppData\Local\Temp\arduino\cores\24392cb5db6b0047c94a91c475d442f3\core.a(usb_core.c.o)
                0x08003d38                In0_Process
 .text.NOP_Process
                0x08003d94        0x2 C:\Users\PhD#Chen\AppData\Local\Temp\arduino\cores\24392cb5db6b0047c94a91c475d442f3\core.a(usb_core.c.o)
                0x08003d94                NOP_Process
 .text.UserToPMABufferCopy
                0x08003d96       0x30 C:\Users\PhD#Chen\AppData\Local\Temp\arduino\cores\24392cb5db6b0047c94a91c475d442f3\core.a(usb_mem.c.o)
                0x08003d96                UserToPMABufferCopy
 .text.PMAToUserBufferCopy
                0x08003dc6       0x32 C:\Users\PhD#Chen\AppData\Local\Temp\arduino\cores\24392cb5db6b0047c94a91c475d442f3\core.a(usb_mem.c.o)
                0x08003dc6                PMAToUserBufferCopy
 .text.SetEPTxStatus
                0x08003df8       0x2a C:\Users\PhD#Chen\AppData\Local\Temp\arduino\cores\24392cb5db6b0047c94a91c475d442f3\core.a(usb_regs.c.o)
                0x08003df8                SetEPTxStatus
 .text.ClearDTOG_RX
                0x08003e22       0x20 C:\Users\PhD#Chen\AppData\Local\Temp\arduino\cores\24392cb5db6b0047c94a91c475d442f3\core.a(usb_regs.c.o)
                0x08003e22                ClearDTOG_RX
 .text.ClearDTOG_TX
                0x08003e42       0x20 C:\Users\PhD#Chen\AppData\Local\Temp\arduino\cores\24392cb5db6b0047c94a91c475d442f3\core.a(usb_regs.c.o)
                0x08003e42                ClearDTOG_TX
 *fill*         0x08003e62        0x2 
 .text.GetEPTxAddr
                0x08003e64       0x1c C:\Users\PhD#Chen\AppData\Local\Temp\arduino\cores\24392cb5db6b0047c94a91c475d442f3\core.a(usb_regs.c.o)
                0x08003e64                GetEPTxAddr
 .text.GetEPRxAddr
                0x08003e80       0x1c C:\Users\PhD#Chen\AppData\Local\Temp\arduino\cores\24392cb5db6b0047c94a91c475d442f3\core.a(usb_regs.c.o)
                0x08003e80                GetEPRxAddr
 .text.SetEPTxCount
                0x08003e9c       0x1c C:\Users\PhD#Chen\AppData\Local\Temp\arduino\cores\24392cb5db6b0047c94a91c475d442f3\core.a(usb_regs.c.o)
                0x08003e9c                SetEPTxCount
 .text.SetEPRxCount
                0x08003eb8       0x40 C:\Users\PhD#Chen\AppData\Local\Temp\arduino\cores\24392cb5db6b0047c94a91c475d442f3\core.a(usb_regs.c.o)
                0x08003eb8                SetEPRxCount
 .text.throb    0x08003ef8       0x4c C:\Users\PhD#Chen\AppData\Local\Temp\arduino\cores\24392cb5db6b0047c94a91c475d442f3\core.a(util.c.o)
                0x08003ef8                throb
 .text.__error  0x08003f44       0x14 C:\Users\PhD#Chen\AppData\Local\Temp\arduino\cores\24392cb5db6b0047c94a91c475d442f3\core.a(util.c.o)
                0x08003f44                __error
 .text.startup._Z7premainv
                0x08003f58        0x4 C:\Users\PhD#Chen\AppData\Local\Temp\arduino\cores\24392cb5db6b0047c94a91c475d442f3\core.a(main.cpp.o)
                0x08003f58                premain()
 .text.startup.main
                0x08003f5c        0xc C:\Users\PhD#Chen\AppData\Local\Temp\arduino\cores\24392cb5db6b0047c94a91c475d442f3\core.a(main.cpp.o)
                0x08003f5c                main
 .text._Z7pinModeh13WiringPinMode
                0x08003f68       0x84 C:\Users\PhD#Chen\AppData\Local\Temp\arduino\cores\24392cb5db6b0047c94a91c475d442f3\core.a(wirish_digital_f1.cpp.o)
                0x08003f68                pinMode(unsigned char, WiringPinMode)
 .text._ZN9USBSerial9availableEv
                0x08003fec        0x4 C:\Users\PhD#Chen\AppData\Local\Temp\arduino\cores\24392cb5db6b0047c94a91c475d442f3\core.a(usb_serial.cpp.o)
                0x08003fec                USBSerial::available()
 .text._ZN9USBSerial4peekEv
                0x08003ff0       0x1e C:\Users\PhD#Chen\AppData\Local\Temp\arduino\cores\24392cb5db6b0047c94a91c475d442f3\core.a(usb_serial.cpp.o)
                0x08003ff0                USBSerial::peek()
 .text._ZN9USBSerial4readEv
                0x0800400e       0x1e C:\Users\PhD#Chen\AppData\Local\Temp\arduino\cores\24392cb5db6b0047c94a91c475d442f3\core.a(usb_serial.cpp.o)
                0x0800400e                USBSerial::read()
 .text._ZL14ifaceSetupHookjPv
                0x0800402c       0x38 C:\Users\PhD#Chen\AppData\Local\Temp\arduino\cores\24392cb5db6b0047c94a91c475d442f3\core.a(usb_serial.cpp.o)
 .text._ZL6rxHookjPv
                0x08004064       0x6c C:\Users\PhD#Chen\AppData\Local\Temp\arduino\cores\24392cb5db6b0047c94a91c475d442f3\core.a(usb_serial.cpp.o)
 .text._ZN9USBSerialC2Ev
                0x080040d0       0x14 C:\Users\PhD#Chen\AppData\Local\Temp\arduino\cores\24392cb5db6b0047c94a91c475d442f3\core.a(usb_serial.cpp.o)
                0x080040d0                USBSerial::USBSerial()
                0x080040d0                USBSerial::USBSerial()
 .text._ZN9USBSerial5beginEv
                0x080040e4       0x34 C:\Users\PhD#Chen\AppData\Local\Temp\arduino\cores\24392cb5db6b0047c94a91c475d442f3\core.a(usb_serial.cpp.o)
                0x080040e4                USBSerial::begin()
 .text._ZN9USBSerial5beginEm
                0x08004118       0x10 C:\Users\PhD#Chen\AppData\Local\Temp\arduino\cores\24392cb5db6b0047c94a91c475d442f3\core.a(usb_serial.cpp.o)
                0x08004118                USBSerial::begin(unsigned long)
 .text._ZN9USBSerial5writeEPKhm
                0x08004128       0x4c C:\Users\PhD#Chen\AppData\Local\Temp\arduino\cores\24392cb5db6b0047c94a91c475d442f3\core.a(usb_serial.cpp.o)
                0x08004128                USBSerial::write(unsigned char const*, unsigned long)
 .text._ZN9USBSerial5writeEh
                0x08004174       0x16 C:\Users\PhD#Chen\AppData\Local\Temp\arduino\cores\24392cb5db6b0047c94a91c475d442f3\core.a(usb_serial.cpp.o)
                0x08004174                USBSerial::write(unsigned char)
 .text._ZN9USBSerial5writeEPKc
                0x0800418a       0x1a C:\Users\PhD#Chen\AppData\Local\Temp\arduino\cores\24392cb5db6b0047c94a91c475d442f3\core.a(usb_serial.cpp.o)
                0x0800418a                USBSerial::write(char const*)
 .text._ZN9USBSerial4readEPhm
                0x080041a4       0x1c C:\Users\PhD#Chen\AppData\Local\Temp\arduino\cores\24392cb5db6b0047c94a91c475d442f3\core.a(usb_serial.cpp.o)
                0x080041a4                USBSerial::read(unsigned char*, unsigned long)
 .text._ZN9USBSerial5flushEv
                0x080041c0       0x1c C:\Users\PhD#Chen\AppData\Local\Temp\arduino\cores\24392cb5db6b0047c94a91c475d442f3\core.a(usb_serial.cpp.o)
                0x080041c0                USBSerial::flush()
 .text.startup._GLOBAL__sub_I__ZN9USBSerial9_hasBegunE
                0x080041dc        0xc C:\Users\PhD#Chen\AppData\Local\Temp\arduino\cores\24392cb5db6b0047c94a91c475d442f3\core.a(usb_serial.cpp.o)
 .text._Z11digitalReadh
                0x080041e8       0x2c C:\Users\PhD#Chen\AppData\Local\Temp\arduino\cores\24392cb5db6b0047c94a91c475d442f3\core.a(wirish_digital.cpp.o)
                0x080041e8                digitalRead(unsigned char)
 .text._Z12digitalWritehh
                0x08004214       0x2c C:\Users\PhD#Chen\AppData\Local\Temp\arduino\cores\24392cb5db6b0047c94a91c475d442f3\core.a(wirish_digital.cpp.o)
                0x08004214                digitalWrite(unsigned char, unsigned char)
 .text.micros   0x08004240       0x34 C:\Users\PhD#Chen\AppData\Local\Temp\arduino\cores\24392cb5db6b0047c94a91c475d442f3\core.a(wirish_time.cpp.o)
 .text.delay    0x08004274       0x2a C:\Users\PhD#Chen\AppData\Local\Temp\arduino\cores\24392cb5db6b0047c94a91c475d442f3\core.a(wirish_time.cpp.o)
                0x08004274                delay
 .text.delayMicroseconds
                0x0800429e       0x10 C:\Users\PhD#Chen\AppData\Local\Temp\arduino\cores\24392cb5db6b0047c94a91c475d442f3\core.a(wirish_time.cpp.o)
                0x0800429e                delayMicroseconds
 .text.__empty  0x080042ae        0x2 C:\Users\PhD#Chen\AppData\Local\Temp\arduino\cores\24392cb5db6b0047c94a91c475d442f3\core.a(hooks.c.o)
                0x080042ae                yield
 .text.bkp_init
                0x080042b0       0x18 C:\Users\PhD#Chen\AppData\Local\Temp\arduino\cores\24392cb5db6b0047c94a91c475d442f3\core.a(bkp_f1.c.o)
                0x080042b0                bkp_init
 .text.bkp_enable_writes
                0x080042c8        0xc C:\Users\PhD#Chen\AppData\Local\Temp\arduino\cores\24392cb5db6b0047c94a91c475d442f3\core.a(bkp_f1.c.o)
                0x080042c8                bkp_enable_writes
 .text.bkp_disable_writes
                0x080042d4        0xc C:\Users\PhD#Chen\AppData\Local\Temp\arduino\cores\24392cb5db6b0047c94a91c475d442f3\core.a(bkp_f1.c.o)
                0x080042d4                bkp_disable_writes
 .text.bkp_write
                0x080042e0       0x16 C:\Users\PhD#Chen\AppData\Local\Temp\arduino\cores\24392cb5db6b0047c94a91c475d442f3\core.a(bkp_f1.c.o)
                0x080042e0                bkp_write
 .text.gpio_init
                0x080042f6       0x14 C:\Users\PhD#Chen\AppData\Local\Temp\arduino\cores\24392cb5db6b0047c94a91c475d442f3\core.a(gpio.c.o)
                0x080042f6                gpio_init
 *fill*         0x0800430a        0x2 
 .text          0x0800430c      0x370 c:/users/phd#chen/appdata/local/arduino15/packages/arduino/tools/arm-none-eabi-gcc/4.8.3-2014q1/bin/../lib/gcc/arm-none-eabi/4.8.3/armv7-m\libgcc.a(_arm_addsubdf3.o)
                0x0800430c                __aeabi_drsub
                0x08004314                __aeabi_dsub
                0x08004314                __subdf3
                0x08004318                __aeabi_dadd
                0x08004318                __adddf3
                0x08004590                __floatunsidf
                0x08004590                __aeabi_ui2d
                0x080045b0                __floatsidf
                0x080045b0                __aeabi_i2d
                0x080045d4                __aeabi_f2d
                0x080045d4                __extendsfdf2
                0x08004610                __floatundidf
                0x08004610                __aeabi_ul2d
                0x08004620                __floatdidf
                0x08004620                __aeabi_l2d
 .text          0x0800467c      0x424 c:/users/phd#chen/appdata/local/arduino15/packages/arduino/tools/arm-none-eabi-gcc/4.8.3-2014q1/bin/../lib/gcc/arm-none-eabi/4.8.3/armv7-m\libgcc.a(_arm_muldivdf3.o)
                0x0800467c                __aeabi_dmul
                0x0800467c                __muldf3
                0x080048d0                __divdf3
                0x080048d0                __aeabi_ddiv
 .text          0x08004aa0      0x110 c:/users/phd#chen/appdata/local/arduino15/packages/arduino/tools/arm-none-eabi-gcc/4.8.3-2014q1/bin/../lib/gcc/arm-none-eabi/4.8.3/armv7-m\libgcc.a(_arm_cmpdf2.o)
                0x08004aa0                __gtdf2
                0x08004aa0                __gedf2
                0x08004aa8                __ltdf2
                0x08004aa8                __ledf2
                0x08004ab0                __nedf2
                0x08004ab0                __eqdf2
                0x08004ab0                __cmpdf2
                0x08004b2c                __aeabi_cdrcmple
                0x08004b3c                __aeabi_cdcmpeq
                0x08004b3c                __aeabi_cdcmple
                0x08004b4c                __aeabi_dcmpeq
                0x08004b60                __aeabi_dcmplt
                0x08004b74                __aeabi_dcmple
                0x08004b88                __aeabi_dcmpge
                0x08004b9c                __aeabi_dcmpgt
 .text          0x08004bb0       0x50 c:/users/phd#chen/appdata/local/arduino15/packages/arduino/tools/arm-none-eabi-gcc/4.8.3-2014q1/bin/../lib/gcc/arm-none-eabi/4.8.3/armv7-m\libgcc.a(_arm_fixdfsi.o)
                0x08004bb0                __aeabi_d2iz
                0x08004bb0                __fixdfsi
 .text          0x08004c00       0x40 c:/users/phd#chen/appdata/local/arduino15/packages/arduino/tools/arm-none-eabi-gcc/4.8.3-2014q1/bin/../lib/gcc/arm-none-eabi/4.8.3/armv7-m\libgcc.a(_arm_fixunsdfsi.o)
                0x08004c00                __aeabi_d2uiz
                0x08004c00                __fixunsdfsi
 .text          0x08004c40      0x21c c:/users/phd#chen/appdata/local/arduino15/packages/arduino/tools/arm-none-eabi-gcc/4.8.3-2014q1/bin/../lib/gcc/arm-none-eabi/4.8.3/armv7-m\libgcc.a(_arm_addsubsf3.o)
                0x08004c40                __aeabi_frsub
                0x08004c48                __subsf3
                0x08004c48                __aeabi_fsub
                0x08004c4c                __aeabi_fadd
                0x08004c4c                __addsf3
                0x08004dac                __aeabi_ui2f
                0x08004dac                __floatunsisf
                0x08004db4                __aeabi_i2f
                0x08004db4                __floatsisf
                0x08004dd0                __aeabi_ul2f
                0x08004dd0                __floatundisf
                0x08004de0                __aeabi_l2f
                0x08004de0                __floatdisf
 .text          0x08004e5c       0xec c:/users/phd#chen/appdata/local/arduino15/packages/arduino/tools/arm-none-eabi-gcc/4.8.3-2014q1/bin/../lib/gcc/arm-none-eabi/4.8.3/armv7-m\libgcc.a(_arm_cmpsf2.o)
                0x08004e5c                __gesf2
                0x08004e5c                __gtsf2
                0x08004e64                __lesf2
                0x08004e64                __ltsf2
                0x08004e6c                __nesf2
                0x08004e6c                __eqsf2
                0x08004e6c                __cmpsf2
                0x08004ecc                __aeabi_cfrcmple
                0x08004ed4                __aeabi_cfcmpeq
                0x08004ed4                __aeabi_cfcmple
                0x08004ee4                __aeabi_fcmpeq
                0x08004ef8                __aeabi_fcmplt
                0x08004f0c                __aeabi_fcmple
                0x08004f20                __aeabi_fcmpge
                0x08004f34                __aeabi_fcmpgt
 .text          0x08004f48       0x2c c:/users/phd#chen/appdata/local/arduino15/packages/arduino/tools/arm-none-eabi-gcc/4.8.3-2014q1/bin/../lib/gcc/arm-none-eabi/4.8.3/armv7-m\libgcc.a(_aeabi_uldivmod.o)
                0x08004f48                __aeabi_uldivmod
 .text          0x08004f74       0x30 c:/users/phd#chen/appdata/local/arduino15/packages/arduino/tools/arm-none-eabi-gcc/4.8.3-2014q1/bin/../lib/gcc/arm-none-eabi/4.8.3/armv7-m\libgcc.a(_fixdfdi.o)
                0x08004f74                __fixdfdi
                0x08004f74                __aeabi_d2lz
 .text          0x08004fa4       0x44 c:/users/phd#chen/appdata/local/arduino15/packages/arduino/tools/arm-none-eabi-gcc/4.8.3-2014q1/bin/../lib/gcc/arm-none-eabi/4.8.3/armv7-m\libgcc.a(_fixunsdfdi.o)
                0x08004fa4                __fixunsdfdi
                0x08004fa4                __aeabi_d2ulz
 .text          0x08004fe8       0x60 c:/users/phd#chen/appdata/local/arduino15/packages/arduino/tools/arm-none-eabi-gcc/4.8.3-2014q1/bin/../lib/gcc/arm-none-eabi/4.8.3/armv7-m\libgcc.a(bpabi.o)
                0x08004fe8                __gnu_ldivmod_helper
                0x08005018                __gnu_uldivmod_helper
 .text          0x08005048        0x4 c:/users/phd#chen/appdata/local/arduino15/packages/arduino/tools/arm-none-eabi-gcc/4.8.3-2014q1/bin/../lib/gcc/arm-none-eabi/4.8.3/armv7-m\libgcc.a(_dvmd_tls.o)
                0x08005048                __aeabi_idiv0
                0x08005048                __aeabi_ldiv0
 .text          0x0800504c      0x2a0 c:/users/phd#chen/appdata/local/arduino15/packages/arduino/tools/arm-none-eabi-gcc/4.8.3-2014q1/bin/../lib/gcc/arm-none-eabi/4.8.3/armv7-m\libgcc.a(_divdi3.o)
                0x0800504c                __divdi3
 .text          0x080052ec      0x290 c:/users/phd#chen/appdata/local/arduino15/packages/arduino/tools/arm-none-eabi-gcc/4.8.3-2014q1/bin/../lib/gcc/arm-none-eabi/4.8.3/armv7-m\libgcc.a(_udivdi3.o)
                0x080052ec                __udivdi3
 .text.__errno  0x0800557c        0xc c:/users/phd#chen/appdata/local/arduino15/packages/arduino/tools/arm-none-eabi-gcc/4.8.3-2014q1/bin/../lib/gcc/arm-none-eabi/4.8.3/../../../../arm-none-eabi/lib/armv7-m\libc_s.a(lib_a-errno.o)
                0x0800557c                __errno
 .text.__libc_init_array
                0x08005588       0x4c c:/users/phd#chen/appdata/local/arduino15/packages/arduino/tools/arm-none-eabi-gcc/4.8.3-2014q1/bin/../lib/gcc/arm-none-eabi/4.8.3/../../../../arm-none-eabi/lib/armv7-m\libc_s.a(lib_a-init.o)
                0x08005588                __libc_init_array
 .text.malloc   0x080055d4       0x10 c:/users/phd#chen/appdata/local/arduino15/packages/arduino/tools/arm-none-eabi-gcc/4.8.3-2014q1/bin/../lib/gcc/arm-none-eabi/4.8.3/../../../../arm-none-eabi/lib/armv7-m\libc_s.a(lib_a-malloc.o)
                0x080055d4                malloc
 .text.free     0x080055e4       0x10 c:/users/phd#chen/appdata/local/arduino15/packages/arduino/tools/arm-none-eabi-gcc/4.8.3-2014q1/bin/../lib/gcc/arm-none-eabi/4.8.3/../../../../arm-none-eabi/lib/armv7-m\libc_s.a(lib_a-malloc.o)
                0x080055e4                free
 .text.memcpy   0x080055f4       0x12 c:/users/phd#chen/appdata/local/arduino15/packages/arduino/tools/arm-none-eabi-gcc/4.8.3-2014q1/bin/../lib/gcc/arm-none-eabi/4.8.3/../../../../arm-none-eabi/lib/armv7-m\libc_s.a(lib_a-memcpy-stub.o)
                0x080055f4                memcpy
 .text.memmove  0x08005606       0x36 c:/users/phd#chen/appdata/local/arduino15/packages/arduino/tools/arm-none-eabi-gcc/4.8.3-2014q1/bin/../lib/gcc/arm-none-eabi/4.8.3/../../../../arm-none-eabi/lib/armv7-m\libc_s.a(lib_a-memmove.o)
                0x08005606                memmove
 .text.memset   0x0800563c       0x10 c:/users/phd#chen/appdata/local/arduino15/packages/arduino/tools/arm-none-eabi-gcc/4.8.3-2014q1/bin/../lib/gcc/arm-none-eabi/4.8.3/../../../../arm-none-eabi/lib/armv7-m\libc_s.a(lib_a-memset.o)
                0x0800563c                memset
 .text._free_r  0x0800564c       0x88 c:/users/phd#chen/appdata/local/arduino15/packages/arduino/tools/arm-none-eabi-gcc/4.8.3-2014q1/bin/../lib/gcc/arm-none-eabi/4.8.3/../../../../arm-none-eabi/lib/armv7-m\libc_s.a(lib_a-nano-freer.o)
                0x0800564c                _free_r
 .text._malloc_r
                0x080056d4       0xa8 c:/users/phd#chen/appdata/local/arduino15/packages/arduino/tools/arm-none-eabi-gcc/4.8.3-2014q1/bin/../lib/gcc/arm-none-eabi/4.8.3/../../../../arm-none-eabi/lib/armv7-m\libc_s.a(lib_a-nano-mallocr.o)
                0x080056d4                _malloc_r
 .text.realloc  0x0800577c       0x14 c:/users/phd#chen/appdata/local/arduino15/packages/arduino/tools/arm-none-eabi-gcc/4.8.3-2014q1/bin/../lib/gcc/arm-none-eabi/4.8.3/../../../../arm-none-eabi/lib/armv7-m\libc_s.a(lib_a-realloc.o)
                0x0800577c                realloc
 .text._sbrk_r  0x08005790       0x20 c:/users/phd#chen/appdata/local/arduino15/packages/arduino/tools/arm-none-eabi-gcc/4.8.3-2014q1/bin/../lib/gcc/arm-none-eabi/4.8.3/../../../../arm-none-eabi/lib/armv7-m\libc_s.a(lib_a-sbrkr.o)
                0x08005790                _sbrk_r
 .text.sprintf  0x080057b0       0x48 c:/users/phd#chen/appdata/local/arduino15/packages/arduino/tools/arm-none-eabi-gcc/4.8.3-2014q1/bin/../lib/gcc/arm-none-eabi/4.8.3/../../../../arm-none-eabi/lib/armv7-m\libc_s.a(lib_a-sprintf.o)
                0x080057b0                siprintf
                0x080057b0                sprintf
 .text.strcat   0x080057f8       0x1a c:/users/phd#chen/appdata/local/arduino15/packages/arduino/tools/arm-none-eabi-gcc/4.8.3-2014q1/bin/../lib/gcc/arm-none-eabi/4.8.3/../../../../arm-none-eabi/lib/armv7-m\libc_s.a(lib_a-strcat.o)
                0x080057f8                strcat
 .text.strcpy   0x08005812       0x10 c:/users/phd#chen/appdata/local/arduino15/packages/arduino/tools/arm-none-eabi-gcc/4.8.3-2014q1/bin/../lib/gcc/arm-none-eabi/4.8.3/../../../../arm-none-eabi/lib/armv7-m\libc_s.a(lib_a-strcpy.o)
                0x08005812                strcpy
 .text.strlen   0x08005822       0x10 c:/users/phd#chen/appdata/local/arduino15/packages/arduino/tools/arm-none-eabi-gcc/4.8.3-2014q1/bin/../lib/gcc/arm-none-eabi/4.8.3/../../../../arm-none-eabi/lib/armv7-m\libc_s.a(lib_a-strlen.o)
                0x08005822                strlen
 .text.strstr   0x08005832       0x32 c:/users/phd#chen/appdata/local/arduino15/packages/arduino/tools/arm-none-eabi-gcc/4.8.3-2014q1/bin/../lib/gcc/arm-none-eabi/4.8.3/../../../../arm-none-eabi/lib/armv7-m\libc_s.a(lib_a-strstr.o)
                0x08005832                strstr
 .text.__ssputs_r
                0x08005864       0xb8 c:/users/phd#chen/appdata/local/arduino15/packages/arduino/tools/arm-none-eabi-gcc/4.8.3-2014q1/bin/../lib/gcc/arm-none-eabi/4.8.3/../../../../arm-none-eabi/lib/armv7-m\libc_s.a(lib_a-svfprintf.o)
                0x08005864                __ssputs_r
 .text._svfprintf_r
                0x0800591c      0x1d8 c:/users/phd#chen/appdata/local/arduino15/packages/arduino/tools/arm-none-eabi-gcc/4.8.3-2014q1/bin/../lib/gcc/arm-none-eabi/4.8.3/../../../../arm-none-eabi/lib/armv7-m\libc_s.a(lib_a-svfprintf.o)
                0x0800591c                _svfiprintf_r
                0x0800591c                _svfprintf_r
 .text._printf_common
                0x08005af4       0xe4 c:/users/phd#chen/appdata/local/arduino15/packages/arduino/tools/arm-none-eabi-gcc/4.8.3-2014q1/bin/../lib/gcc/arm-none-eabi/4.8.3/../../../../arm-none-eabi/lib/armv7-m\libc_s.a(lib_a-vfprintf_i.o)
                0x08005af4                _printf_common
 .text._printf_i
                0x08005bd8      0x228 c:/users/phd#chen/appdata/local/arduino15/packages/arduino/tools/arm-none-eabi-gcc/4.8.3-2014q1/bin/../lib/gcc/arm-none-eabi/4.8.3/../../../../arm-none-eabi/lib/armv7-m\libc_s.a(lib_a-vfprintf_i.o)
                0x08005bd8                _printf_i
 .text.memchr   0x08005e00       0x1c c:/users/phd#chen/appdata/local/arduino15/packages/arduino/tools/arm-none-eabi-gcc/4.8.3-2014q1/bin/../lib/gcc/arm-none-eabi/4.8.3/../../../../arm-none-eabi/lib/armv7-m\libc_s.a(lib_a-memchr-stub.o)
                0x08005e00                memchr
 .text._realloc_r
                0x08005e1c       0x4c c:/users/phd#chen/appdata/local/arduino15/packages/arduino/tools/arm-none-eabi-gcc/4.8.3-2014q1/bin/../lib/gcc/arm-none-eabi/4.8.3/../../../../arm-none-eabi/lib/armv7-m\libc_s.a(lib_a-nano-reallocr.o)
                0x08005e1c                _realloc_r
 .text._malloc_usable_size_r
                0x08005e68       0x12 c:/users/phd#chen/appdata/local/arduino15/packages/arduino/tools/arm-none-eabi-gcc/4.8.3-2014q1/bin/../lib/gcc/arm-none-eabi/4.8.3/../../../../arm-none-eabi/lib/armv7-m\libc_s.a(lib_a-nano-msizer.o)
                0x08005e68                _malloc_usable_size_r
 *(.plt)
 *(.gnu.warning)
 *(.glue_7t)
 .glue_7t       0x00000000        0x0 linker stubs
 *(.glue_7)
 .glue_7        0x00000000        0x0 linker stubs
 *(.vfp11_veneer)
 .vfp11_veneer  0x00000000        0x0 linker stubs
 *(.ARM.extab* .gnu.linkonce.armextab.*)
 *(.gcc_except_table)
 *(.eh_frame_hdr)
 *(.eh_frame)
 *fill*         0x08005e7a        0x2 
 .eh_frame      0x08005e7c        0x0 c:/users/phd#chen/appdata/local/arduino15/packages/arduino/tools/arm-none-eabi-gcc/4.8.3-2014q1/bin/../lib/gcc/arm-none-eabi/4.8.3/armv7-m/crtbegin.o
                0x08005e7c                . = ALIGN (0x4)
 *(.init)
 .init          0x08005e7c        0x4 c:/users/phd#chen/appdata/local/arduino15/packages/arduino/tools/arm-none-eabi-gcc/4.8.3-2014q1/bin/../lib/gcc/arm-none-eabi/4.8.3/armv7-m/crti.o
                0x08005e7c                _init
 .init          0x08005e80        0x8 c:/users/phd#chen/appdata/local/arduino15/packages/arduino/tools/arm-none-eabi-gcc/4.8.3-2014q1/bin/../lib/gcc/arm-none-eabi/4.8.3/armv7-m/crtn.o
                0x08005e88                . = ALIGN (0x4)
                0x08005e88                __preinit_array_start = .
 *(.preinit_array)
                0x08005e88                __preinit_array_end = .
                0x08005e88                . = ALIGN (0x4)
                0x08005e88                __init_array_start = .
 *(SORT(.init_array.*))
 .init_array.00101
                0x08005e88        0x4 C:\Users\PhD#Chen\AppData\Local\Temp\arduino\cores\24392cb5db6b0047c94a91c475d442f3\core.a(main.cpp.o)
 *(.init_array)
 .init_array    0x08005e8c        0x4 c:/users/phd#chen/appdata/local/arduino15/packages/arduino/tools/arm-none-eabi-gcc/4.8.3-2014q1/bin/../lib/gcc/arm-none-eabi/4.8.3/armv7-m/crtbegin.o
 .init_array    0x08005e90        0x4 C:\Users\PhD#Chen\AppData\Local\Temp\arduino\sketches\720644089120699F6F08FA1D7447A896\sketch\STM32F103C8_Arduino.ino.cpp.o
 .init_array    0x08005e94        0x4 C:\Users\PhD#Chen\AppData\Local\Temp\arduino\sketches\720644089120699F6F08FA1D7447A896\libraries\Wire\Wire.cpp.o
 .init_array    0x08005e98        0x4 C:\Users\PhD#Chen\AppData\Local\Temp\arduino\sketches\720644089120699F6F08FA1D7447A896\libraries\SPI\SPI.cpp.o
 .init_array    0x08005e9c        0x4 C:\Users\PhD#Chen\AppData\Local\Temp\arduino\sketches\720644089120699F6F08FA1D7447A896\core\board.cpp.o
 .init_array    0x08005ea0        0x4 C:\Users\PhD#Chen\AppData\Local\Temp\arduino\cores\24392cb5db6b0047c94a91c475d442f3\core.a(usb_serial.cpp.o)
                0x08005ea4                __init_array_end = .
                0x08005ea4                . = ALIGN (0x4)
 *crtbegin.o(.ctors)
 *(EXCLUDE_FILE(*crtend.o) .ctors)
 *(SORT(.ctors.*))
 *crtend.o(.ctors)
                0x08005ea4                . = ALIGN (0x4)
 *(.fini)
 .fini          0x08005ea4        0x4 c:/users/phd#chen/appdata/local/arduino15/packages/arduino/tools/arm-none-eabi-gcc/4.8.3-2014q1/bin/../lib/gcc/arm-none-eabi/4.8.3/armv7-m/crti.o
                0x08005ea4                _fini
 .fini          0x08005ea8        0x8 c:/users/phd#chen/appdata/local/arduino15/packages/arduino/tools/arm-none-eabi-gcc/4.8.3-2014q1/bin/../lib/gcc/arm-none-eabi/4.8.3/armv7-m/crtn.o
                0x08005eb0                . = ALIGN (0x4)
                0x08005eb0                __fini_array_start = .
 *(.fini_array)
 .fini_array    0x08005eb0        0x4 c:/users/phd#chen/appdata/local/arduino15/packages/arduino/tools/arm-none-eabi-gcc/4.8.3-2014q1/bin/../lib/gcc/arm-none-eabi/4.8.3/armv7-m/crtbegin.o
 .fini_array    0x08005eb4        0x4 C:\Users\PhD#Chen\AppData\Local\Temp\arduino\sketches\720644089120699F6F08FA1D7447A896\libraries\Wire\Wire.cpp.o
 *(SORT(.fini_array.*))
                0x08005eb8                __fini_array_end = .
 *crtbegin.o(.dtors)
 *(EXCLUDE_FILE(*crtend.o) .dtors)
 *(SORT(.dtors.*))
 *crtend.o(.dtors)

.v4_bx          0x08005eb8        0x0
 .v4_bx         0x00000000        0x0 linker stubs

.iplt           0x08005eb8        0x0
 .iplt          0x00000000        0x0 c:/users/phd#chen/appdata/local/arduino15/packages/arduino/tools/arm-none-eabi-gcc/4.8.3-2014q1/bin/../lib/gcc/arm-none-eabi/4.8.3/armv7-m/crtbegin.o

.text.align     0x08005eb8        0x0
                0x08005eb8                . = ALIGN (0x8)
                0x08005eb8                __text_end__ = .
                0x08005eb8                __exidx_start = .

.ARM.exidx      0x08005eb8        0x8
 *(.ARM.exidx* .gnu.linkonce.armexidx.*)
 .ARM.exidx     0x08005eb8        0x8 C:\Users\PhD#Chen\AppData\Local\Temp\arduino\sketches\720644089120699F6F08FA1D7447A896\core\wirish\start.S.o
 .ARM.exidx     0x08005ec0        0x0 c:/users/phd#chen/appdata/local/arduino15/packages/arduino/tools/arm-none-eabi-gcc/4.8.3-2014q1/bin/../lib/gcc/arm-none-eabi/4.8.3/armv7-m\libgcc.a(_divdi3.o)
                                  0x8 (size before relaxing)
 .ARM.exidx     0x08005ec0        0x0 c:/users/phd#chen/appdata/local/arduino15/packages/arduino/tools/arm-none-eabi-gcc/4.8.3-2014q1/bin/../lib/gcc/arm-none-eabi/4.8.3/armv7-m\libgcc.a(_udivdi3.o)
                                  0x8 (size before relaxing)
                0x08005ec0                __exidx_end = .

.data           0x20000000      0x4e0 load address 0x08005ec0
                0x20000000                __data_start__ = .
                0x20000000        0x4 LONG 0x0
                0x20000008                . = ALIGN (0x8)
 *fill*         0x20000004        0x4 
 *(.got.plt)
 *(.got)
 *(.data .data.* .gnu.linkonce.d.*)
 .data._ZN6wirish4privL8pll_dataE
                0x20000008        0x4 C:\Users\PhD#Chen\AppData\Local\Temp\arduino\sketches\720644089120699F6F08FA1D7447A896\core\wirish\boards_setup.cpp.o
 .data._ZN6wirish4priv9w_adc_smpE
                0x2000000c        0x1 C:\Users\PhD#Chen\AppData\Local\Temp\arduino\sketches\720644089120699F6F08FA1D7447A896\core\wirish\boards_setup.cpp.o
                0x2000000c                wirish::priv::w_adc_smp
 *fill*         0x2000000d        0x1 
 .data._ZN6wirish4priv9w_adc_preE
                0x2000000e        0x2 C:\Users\PhD#Chen\AppData\Local\Temp\arduino\sketches\720644089120699F6F08FA1D7447A896\core\wirish\boards_setup.cpp.o
                0x2000000e                wirish::priv::w_adc_pre
 .data._ZN6wirish4priv15w_board_pll_cfgE
                0x20000010        0x8 C:\Users\PhD#Chen\AppData\Local\Temp\arduino\sketches\720644089120699F6F08FA1D7447A896\core\wirish\boards_setup.cpp.o
                0x20000010                wirish::priv::w_board_pll_cfg
 .data.adc2     0x20000018        0x8 C:\Users\PhD#Chen\AppData\Local\Temp\arduino\cores\24392cb5db6b0047c94a91c475d442f3\core.a(adc_f1.c.o)
                0x20000018                adc2
 .data.adc1     0x20000020       0x18 C:\Users\PhD#Chen\AppData\Local\Temp\arduino\cores\24392cb5db6b0047c94a91c475d442f3\core.a(adc_f1.c.o)
                0x20000020                adc1
 .data.ADC2     0x20000038        0x4 C:\Users\PhD#Chen\AppData\Local\Temp\arduino\cores\24392cb5db6b0047c94a91c475d442f3\core.a(adc_f1.c.o)
                0x20000038                ADC2
 .data.ADC1     0x2000003c        0x4 C:\Users\PhD#Chen\AppData\Local\Temp\arduino\cores\24392cb5db6b0047c94a91c475d442f3\core.a(adc_f1.c.o)
                0x2000003c                ADC1
 .data.dma1     0x20000040       0x40 C:\Users\PhD#Chen\AppData\Local\Temp\arduino\cores\24392cb5db6b0047c94a91c475d442f3\core.a(dma_f1.c.o)
 .data.DMA1     0x20000080        0x4 C:\Users\PhD#Chen\AppData\Local\Temp\arduino\cores\24392cb5db6b0047c94a91c475d442f3\core.a(dma_f1.c.o)
                0x20000080                DMA1
 .data.gpioa    0x20000084        0x8 C:\Users\PhD#Chen\AppData\Local\Temp\arduino\cores\24392cb5db6b0047c94a91c475d442f3\core.a(gpio_f1.c.o)
                0x20000084                gpioa
 .data.gpiob    0x2000008c        0x8 C:\Users\PhD#Chen\AppData\Local\Temp\arduino\cores\24392cb5db6b0047c94a91c475d442f3\core.a(gpio_f1.c.o)
                0x2000008c                gpiob
 .data.gpioc    0x20000094        0x8 C:\Users\PhD#Chen\AppData\Local\Temp\arduino\cores\24392cb5db6b0047c94a91c475d442f3\core.a(gpio_f1.c.o)
                0x20000094                gpioc
 .data.gpiod    0x2000009c        0x8 C:\Users\PhD#Chen\AppData\Local\Temp\arduino\cores\24392cb5db6b0047c94a91c475d442f3\core.a(gpio_f1.c.o)
                0x2000009c                gpiod
 .data.i2c1     0x200000a4       0x38 C:\Users\PhD#Chen\AppData\Local\Temp\arduino\cores\24392cb5db6b0047c94a91c475d442f3\core.a(i2c_f1.c.o)
 .data.i2c2     0x200000dc       0x38 C:\Users\PhD#Chen\AppData\Local\Temp\arduino\cores\24392cb5db6b0047c94a91c475d442f3\core.a(i2c_f1.c.o)
 .data.enable_regs.4411
                0x20000114        0xc C:\Users\PhD#Chen\AppData\Local\Temp\arduino\cores\24392cb5db6b0047c94a91c475d442f3\core.a(rcc_f1.c.o)
 .data.reset_regs.4415
                0x20000120        0x8 C:\Users\PhD#Chen\AppData\Local\Temp\arduino\cores\24392cb5db6b0047c94a91c475d442f3\core.a(rcc_f1.c.o)
 .data.enable_regs.4424
                0x20000128        0xc C:\Users\PhD#Chen\AppData\Local\Temp\arduino\cores\24392cb5db6b0047c94a91c475d442f3\core.a(rcc_f1.c.o)
 .data.spi1     0x20000134        0x8 C:\Users\PhD#Chen\AppData\Local\Temp\arduino\cores\24392cb5db6b0047c94a91c475d442f3\core.a(spi_f1.c.o)
 .data.spi2     0x2000013c        0x8 C:\Users\PhD#Chen\AppData\Local\Temp\arduino\cores\24392cb5db6b0047c94a91c475d442f3\core.a(spi_f1.c.o)
 .data.SPI1     0x20000144        0x4 C:\Users\PhD#Chen\AppData\Local\Temp\arduino\cores\24392cb5db6b0047c94a91c475d442f3\core.a(spi_f1.c.o)
                0x20000144                SPI1
 .data.SPI2     0x20000148        0x4 C:\Users\PhD#Chen\AppData\Local\Temp\arduino\cores\24392cb5db6b0047c94a91c475d442f3\core.a(spi_f1.c.o)
                0x20000148                SPI2
 .data.timer3   0x2000014c       0x24 C:\Users\PhD#Chen\AppData\Local\Temp\arduino\cores\24392cb5db6b0047c94a91c475d442f3\core.a(timer.c.o)
                0x2000014c                timer3
 .data.timer4   0x20000170       0x24 C:\Users\PhD#Chen\AppData\Local\Temp\arduino\cores\24392cb5db6b0047c94a91c475d442f3\core.a(timer.c.o)
                0x20000170                timer4
 .data.timer1   0x20000194       0x28 C:\Users\PhD#Chen\AppData\Local\Temp\arduino\cores\24392cb5db6b0047c94a91c475d442f3\core.a(timer.c.o)
                0x20000194                timer1
 .data.timer2   0x200001bc       0x24 C:\Users\PhD#Chen\AppData\Local\Temp\arduino\cores\24392cb5db6b0047c94a91c475d442f3\core.a(timer.c.o)
                0x200001bc                timer2
 .data.USART1   0x200001e0        0x4 C:\Users\PhD#Chen\AppData\Local\Temp\arduino\cores\24392cb5db6b0047c94a91c475d442f3\core.a(usart_f1.c.o)
                0x200001e0                USART1
 .data.USART2   0x200001e4        0x4 C:\Users\PhD#Chen\AppData\Local\Temp\arduino\cores\24392cb5db6b0047c94a91c475d442f3\core.a(usart_f1.c.o)
                0x200001e4                USART2
 .data.USART3   0x200001e8        0x4 C:\Users\PhD#Chen\AppData\Local\Temp\arduino\cores\24392cb5db6b0047c94a91c475d442f3\core.a(usart_f1.c.o)
                0x200001e8                USART3
 .data.usart1   0x200001ec       0x94 C:\Users\PhD#Chen\AppData\Local\Temp\arduino\cores\24392cb5db6b0047c94a91c475d442f3\core.a(usart_f1.c.o)
 .data.usart2   0x20000280       0x94 C:\Users\PhD#Chen\AppData\Local\Temp\arduino\cores\24392cb5db6b0047c94a91c475d442f3\core.a(usart_f1.c.o)
 .data.usart3   0x20000314       0x94 C:\Users\PhD#Chen\AppData\Local\Temp\arduino\cores\24392cb5db6b0047c94a91c475d442f3\core.a(usart_f1.c.o)
 .data.USBLIB   0x200003a8        0x4 C:\Users\PhD#Chen\AppData\Local\Temp\arduino\cores\24392cb5db6b0047c94a91c475d442f3\core.a(usb.c.o)
                0x200003a8                USBLIB
 .data.usblib   0x200003ac       0x10 C:\Users\PhD#Chen\AppData\Local\Temp\arduino\cores\24392cb5db6b0047c94a91c475d442f3\core.a(usb.c.o)
 .data.Config_Descriptor
                0x200003bc        0x8 C:\Users\PhD#Chen\AppData\Local\Temp\arduino\cores\24392cb5db6b0047c94a91c475d442f3\core.a(usb_cdcacm.c.o)
 .data.Device_Property
                0x200003c4       0x30 C:\Users\PhD#Chen\AppData\Local\Temp\arduino\cores\24392cb5db6b0047c94a91c475d442f3\core.a(usb_cdcacm.c.o)
                0x200003c4                Device_Property
 .data.ep_int_in
                0x200003f4       0x1c C:\Users\PhD#Chen\AppData\Local\Temp\arduino\cores\24392cb5db6b0047c94a91c475d442f3\core.a(usb_cdcacm.c.o)
 .data.String_Descriptor
                0x20000410       0x18 C:\Users\PhD#Chen\AppData\Local\Temp\arduino\cores\24392cb5db6b0047c94a91c475d442f3\core.a(usb_cdcacm.c.o)
 .data.ep_int_out
                0x20000428       0x1c C:\Users\PhD#Chen\AppData\Local\Temp\arduino\cores\24392cb5db6b0047c94a91c475d442f3\core.a(usb_cdcacm.c.o)
 .data.line_coding
                0x20000444        0x7 C:\Users\PhD#Chen\AppData\Local\Temp\arduino\cores\24392cb5db6b0047c94a91c475d442f3\core.a(usb_cdcacm.c.o)
 *fill*         0x2000044b        0x1 
 .data.User_Standard_Requests
                0x2000044c       0x24 C:\Users\PhD#Chen\AppData\Local\Temp\arduino\cores\24392cb5db6b0047c94a91c475d442f3\core.a(usb_cdcacm.c.o)
                0x2000044c                User_Standard_Requests
 .data.Device_Descriptor
                0x20000470        0x8 C:\Users\PhD#Chen\AppData\Local\Temp\arduino\cores\24392cb5db6b0047c94a91c475d442f3\core.a(usb_cdcacm.c.o)
 .data.Device_Table
                0x20000478        0x2 C:\Users\PhD#Chen\AppData\Local\Temp\arduino\cores\24392cb5db6b0047c94a91c475d442f3\core.a(usb_cdcacm.c.o)
                0x20000478                Device_Table
 *fill*         0x2000047a        0x2 
 .data.impure_data
                0x2000047c       0x60 c:/users/phd#chen/appdata/local/arduino15/packages/arduino/tools/arm-none-eabi-gcc/4.8.3-2014q1/bin/../lib/gcc/arm-none-eabi/4.8.3/../../../../arm-none-eabi/lib/armv7-m\libc_s.a(lib_a-impure.o)
 .data._impure_ptr
                0x200004dc        0x4 c:/users/phd#chen/appdata/local/arduino15/packages/arduino/tools/arm-none-eabi-gcc/4.8.3-2014q1/bin/../lib/gcc/arm-none-eabi/4.8.3/../../../../arm-none-eabi/lib/armv7-m\libc_s.a(lib_a-impure.o)
                0x200004dc                _impure_ptr
                0x200004e0                . = ALIGN (0x8)
                0x200004e0                __data_end__ = .

.jcr            0x200004e0        0x0 load address 0x080063a0
 .jcr           0x200004e0        0x0 c:/users/phd#chen/appdata/local/arduino15/packages/arduino/tools/arm-none-eabi-gcc/4.8.3-2014q1/bin/../lib/gcc/arm-none-eabi/4.8.3/armv7-m/crtbegin.o

.igot.plt       0x200004e0        0x0 load address 0x080063a0
 .igot.plt      0x00000000        0x0 c:/users/phd#chen/appdata/local/arduino15/packages/arduino/tools/arm-none-eabi-gcc/4.8.3-2014q1/bin/../lib/gcc/arm-none-eabi/4.8.3/armv7-m/crtbegin.o

.rodata         0x080063a0      0xa04
 *(.rodata .rodata.* .gnu.linkonce.r.*)
 .rodata.str1.1
                0x080063a0      0x5e7 C:\Users\PhD#Chen\AppData\Local\Temp\arduino\sketches\720644089120699F6F08FA1D7447A896\sketch\STM32F103C8_Arduino.ino.cpp.o
                                0x5f4 (size before relaxing)
 .rodata._ZL4PASS
                0x08006987        0x9 C:\Users\PhD#Chen\AppData\Local\Temp\arduino\sketches\720644089120699F6F08FA1D7447A896\sketch\STM32F103C8_Arduino.ino.cpp.o
 .rodata._ZL4SSID
                0x08006990        0x4 C:\Users\PhD#Chen\AppData\Local\Temp\arduino\sketches\720644089120699F6F08FA1D7447A896\sketch\STM32F103C8_Arduino.ino.cpp.o
 *fill*         0x08006994        0x4 
 .rodata._ZTV7TwoWire
                0x08006998       0x18 C:\Users\PhD#Chen\AppData\Local\Temp\arduino\sketches\720644089120699F6F08FA1D7447A896\libraries\Wire\Wire.cpp.o
                0x08006998                vtable for TwoWire
 .rodata._ZTV8WireBase
                0x080069b0       0x18 C:\Users\PhD#Chen\AppData\Local\Temp\arduino\sketches\720644089120699F6F08FA1D7447A896\libraries\Wire\utility\WireBase.cpp.o
                0x080069b0                vtable for WireBase
 .rodata.PIN_MAP
                0x080069c8      0x230 C:\Users\PhD#Chen\AppData\Local\Temp\arduino\sketches\720644089120699F6F08FA1D7447A896\core\board.cpp.o
                0x080069c8                PIN_MAP
 .rodata._ZTV14HardwareSerial
                0x08006bf8       0x28 C:\Users\PhD#Chen\AppData\Local\Temp\arduino\cores\24392cb5db6b0047c94a91c475d442f3\core.a(HardwareSerial.cpp.o)
                0x08006bf8                vtable for HardwareSerial
 .rodata.str1.1
                0x08006c20       0x11 C:\Users\PhD#Chen\AppData\Local\Temp\arduino\cores\24392cb5db6b0047c94a91c475d442f3\core.a(Print.cpp.o)
 .rodata.str1.1
                0x00000000        0x1 C:\Users\PhD#Chen\AppData\Local\Temp\arduino\cores\24392cb5db6b0047c94a91c475d442f3\core.a(Stream.cpp.o)
 .rodata.str1.1
                0x08006c31        0xb C:\Users\PhD#Chen\AppData\Local\Temp\arduino\cores\24392cb5db6b0047c94a91c475d442f3\core.a(dtostrf.c.o)